Archive member included because of file (symbol)

c:/program files/atmel/atmel toolchain/avr8 gcc/native/3.4.2.1002/avr8-gnu-toolchain/bin/../lib/gcc/avr/4.7.2/avr5\libgcc.a(_mulsi3.o)
                              FAT32.o (__mulsi3)
c:/program files/atmel/atmel toolchain/avr8 gcc/native/3.4.2.1002/avr8-gnu-toolchain/bin/../lib/gcc/avr/4.7.2/avr5\libgcc.a(_divmodhi4.o)
                              GccApplication1.o (__divmodhi4)
c:/program files/atmel/atmel toolchain/avr8 gcc/native/3.4.2.1002/avr8-gnu-toolchain/bin/../lib/gcc/avr/4.7.2/avr5\libgcc.a(_udivmodsi4.o)
                              FAT32.o (__udivmodsi4)
c:/program files/atmel/atmel toolchain/avr8 gcc/native/3.4.2.1002/avr8-gnu-toolchain/bin/../lib/gcc/avr/4.7.2/avr5\libgcc.a(_exit.o)
                              c:/program files/atmel/atmel toolchain/avr8 gcc/native/3.4.2.1002/avr8-gnu-toolchain/bin/../lib/gcc/avr/4.7.2/../../../../avr/lib/avr5/crtm32.o (exit)
c:/program files/atmel/atmel toolchain/avr8 gcc/native/3.4.2.1002/avr8-gnu-toolchain/bin/../lib/gcc/avr/4.7.2/avr5\libgcc.a(_copy_data.o)
                              dhcp_client.o (__do_copy_data)
c:/program files/atmel/atmel toolchain/avr8 gcc/native/3.4.2.1002/avr8-gnu-toolchain/bin/../lib/gcc/avr/4.7.2/avr5\libgcc.a(_clear_bss.o)
                              dhcp_client.o (__do_clear_bss)
c:/program files/atmel/atmel toolchain/avr8 gcc/native/3.4.2.1002/avr8-gnu-toolchain/bin/../lib/gcc/avr/4.7.2/avr5\libgcc.a(_umulhisi3.o)
                              FAT32.o (__umulhisi3)
c:/program files/atmel/atmel toolchain/avr8 gcc/native/3.4.2.1002/avr8-gnu-toolchain/bin/../lib/gcc/avr/4.7.2/avr5\libgcc.a(_muluhisi3.o)
                              FAT32.o (__muluhisi3)
c:/program files/atmel/atmel toolchain/avr8 gcc/native/3.4.2.1002/avr8-gnu-toolchain/bin/../lib/gcc/avr/4.7.2/avr5\libgcc.a(_udivmodhi4.o)
                              c:/program files/atmel/atmel toolchain/avr8 gcc/native/3.4.2.1002/avr8-gnu-toolchain/bin/../lib/gcc/avr/4.7.2/avr5\libgcc.a(_divmodhi4.o) (__udivmodhi4)
c:/program files/atmel/atmel toolchain/avr8 gcc/native/3.4.2.1002/avr8-gnu-toolchain/bin/../lib/gcc/avr/4.7.2/../../../../avr/lib/avr5\libc.a(atoi.o)
                              UART_routines.o (atoi)
c:/program files/atmel/atmel toolchain/avr8 gcc/native/3.4.2.1002/avr8-gnu-toolchain/bin/../lib/gcc/avr/4.7.2/../../../../avr/lib/avr5\libc.a(memcmp.o)
                              ip_arp_udp_tcp.o (memcmp)
c:/program files/atmel/atmel toolchain/avr8 gcc/native/3.4.2.1002/avr8-gnu-toolchain/bin/../lib/gcc/avr/4.7.2/../../../../avr/lib/avr5\libc.a(strcat.o)
                              UART_routines.o (strcat)
c:/program files/atmel/atmel toolchain/avr8 gcc/native/3.4.2.1002/avr8-gnu-toolchain/bin/../lib/gcc/avr/4.7.2/../../../../avr/lib/avr5\libc.a(strcpy.o)
                              GccApplication1.o (strcpy)
c:/program files/atmel/atmel toolchain/avr8 gcc/native/3.4.2.1002/avr8-gnu-toolchain/bin/../lib/gcc/avr/4.7.2/../../../../avr/lib/avr5\libc.a(strncmp.o)
                              GccApplication1.o (strncmp)
c:/program files/atmel/atmel toolchain/avr8 gcc/native/3.4.2.1002/avr8-gnu-toolchain/bin/../lib/gcc/avr/4.7.2/../../../../avr/lib/avr5\libc.a(itoa.o)
                              UART_routines.o (itoa)
c:/program files/atmel/atmel toolchain/avr8 gcc/native/3.4.2.1002/avr8-gnu-toolchain/bin/../lib/gcc/avr/4.7.2/../../../../avr/lib/avr5\libc.a(mul10.o)
                              c:/program files/atmel/atmel toolchain/avr8 gcc/native/3.4.2.1002/avr8-gnu-toolchain/bin/../lib/gcc/avr/4.7.2/../../../../avr/lib/avr5\libc.a(atoi.o) (__mulhi_const_10)
c:/program files/atmel/atmel toolchain/avr8 gcc/native/3.4.2.1002/avr8-gnu-toolchain/bin/../lib/gcc/avr/4.7.2/../../../../avr/lib/avr5\libc.a(sprintf.o)
                              therm_ds18b20.o (sprintf)
c:/program files/atmel/atmel toolchain/avr8 gcc/native/3.4.2.1002/avr8-gnu-toolchain/bin/../lib/gcc/avr/4.7.2/../../../../avr/lib/avr5\libc.a(vfprintf_std.o)
                              c:/program files/atmel/atmel toolchain/avr8 gcc/native/3.4.2.1002/avr8-gnu-toolchain/bin/../lib/gcc/avr/4.7.2/../../../../avr/lib/avr5\libc.a(sprintf.o) (vfprintf)
c:/program files/atmel/atmel toolchain/avr8 gcc/native/3.4.2.1002/avr8-gnu-toolchain/bin/../lib/gcc/avr/4.7.2/../../../../avr/lib/avr5\libc.a(strnlen_P.o)
                              c:/program files/atmel/atmel toolchain/avr8 gcc/native/3.4.2.1002/avr8-gnu-toolchain/bin/../lib/gcc/avr/4.7.2/../../../../avr/lib/avr5\libc.a(vfprintf_std.o) (strnlen_P)
c:/program files/atmel/atmel toolchain/avr8 gcc/native/3.4.2.1002/avr8-gnu-toolchain/bin/../lib/gcc/avr/4.7.2/../../../../avr/lib/avr5\libc.a(strnlen.o)
                              c:/program files/atmel/atmel toolchain/avr8 gcc/native/3.4.2.1002/avr8-gnu-toolchain/bin/../lib/gcc/avr/4.7.2/../../../../avr/lib/avr5\libc.a(vfprintf_std.o) (strnlen)
c:/program files/atmel/atmel toolchain/avr8 gcc/native/3.4.2.1002/avr8-gnu-toolchain/bin/../lib/gcc/avr/4.7.2/../../../../avr/lib/avr5\libc.a(strrev.o)
                              c:/program files/atmel/atmel toolchain/avr8 gcc/native/3.4.2.1002/avr8-gnu-toolchain/bin/../lib/gcc/avr/4.7.2/../../../../avr/lib/avr5\libc.a(itoa.o) (strrev)
c:/program files/atmel/atmel toolchain/avr8 gcc/native/3.4.2.1002/avr8-gnu-toolchain/bin/../lib/gcc/avr/4.7.2/../../../../avr/lib/avr5\libc.a(fputc.o)
                              c:/program files/atmel/atmel toolchain/avr8 gcc/native/3.4.2.1002/avr8-gnu-toolchain/bin/../lib/gcc/avr/4.7.2/../../../../avr/lib/avr5\libc.a(vfprintf_std.o) (fputc)
c:/program files/atmel/atmel toolchain/avr8 gcc/native/3.4.2.1002/avr8-gnu-toolchain/bin/../lib/gcc/avr/4.7.2/../../../../avr/lib/avr5\libc.a(ultoa_invert.o)
                              c:/program files/atmel/atmel toolchain/avr8 gcc/native/3.4.2.1002/avr8-gnu-toolchain/bin/../lib/gcc/avr/4.7.2/../../../../avr/lib/avr5\libc.a(vfprintf_std.o) (__ultoa_invert)
c:/program files/atmel/atmel toolchain/avr8 gcc/native/3.4.2.1002/avr8-gnu-toolchain/bin/../lib/gcc/avr/4.7.2/avr5\libgcc.a(_prologue.o)
                              c:/program files/atmel/atmel toolchain/avr8 gcc/native/3.4.2.1002/avr8-gnu-toolchain/bin/../lib/gcc/avr/4.7.2/../../../../avr/lib/avr5\libc.a(sprintf.o) (__prologue_saves__)
c:/program files/atmel/atmel toolchain/avr8 gcc/native/3.4.2.1002/avr8-gnu-toolchain/bin/../lib/gcc/avr/4.7.2/avr5\libgcc.a(_epilogue.o)
                              c:/program files/atmel/atmel toolchain/avr8 gcc/native/3.4.2.1002/avr8-gnu-toolchain/bin/../lib/gcc/avr/4.7.2/../../../../avr/lib/avr5\libc.a(sprintf.o) (__epilogue_restores__)

Allocating common symbols
Common symbol       size              file

j                   0x1               GccApplication1.o
rtc_register        0x7               FAT32.o
gTempval_raw        0x4               GccApplication1.o
appendFileLocation  0x4               FAT32.o
gSensorErrors       0x2               GccApplication1.o
fileName            0xd               GccApplication1.o
dateFAT             0x2               FAT32.o
firstDataSector     0x4               FAT32.o
fileSize            0x4               FAT32.o
bytesPerSector      0x2               FAT32.o
totalClusters       0x4               FAT32.o
option              0x1               GccApplication1.o
current2            0x7               GccApplication1.o
k                   0x2               GccApplication1.o
gHumival_raw        0x4               GccApplication1.o
temperature         0x7               GccApplication1.o
BUF123              0x32              GccApplication1.o
rootCluster         0x4               FAT32.o
timeFAT             0x2               FAT32.o
voltage             0x7               GccApplication1.o
startBlock          0x4               FAT32.o
plen                0x2               GccApplication1.o
receiveData         0xa               GccApplication1.o
i                   0x1               GccApplication1.o
buffer              0x200             FAT32.o
voltage2            0x7               GccApplication1.o
sectorPerCluster    0x2               FAT32.o
unusedSectors       0x4               FAT32.o
channel             0x1               GccApplication1.o
SDHC_flag           0x1               FAT32.o
dat_p               0x2               GccApplication1.o
totalBlocks         0x4               FAT32.o
reservedSectorCount
                    0x2               FAT32.o
time                0x9               GccApplication1.o
appendStartCluster  0x4               FAT32.o
dataString          0x64              FAT32.o
delay               0x2               GccApplication1.o
cardType            0x1               FAT32.o
error               0x1               GccApplication1.o
day                 0x1               GccApplication1.o
date                0xb               GccApplication1.o
receiveDataLength   0x1               GccApplication1.o
freeClusterCountUpdated
                    0x1               FAT32.o
appendFileSector    0x4               FAT32.o
client_arp_result_callback
                    0x2               ip_arp_udp_tcp.o

Discarded input sections

 .bss           0x00000000        0x0 c:/program files/atmel/atmel toolchain/avr8 gcc/native/3.4.2.1002/avr8-gnu-toolchain/bin/../lib/gcc/avr/4.7.2/../../../../avr/lib/avr5/crtm32.o
 .text          0x00000000        0x0 dhcp_client.o
 .bss           0x00000000        0x0 dhcp_client.o
 .text.dhcp_6sec_tick
                0x00000000        0xc dhcp_client.o
 .rodata        0x00000000        0x6 dhcp_client.o
 .text.make_dhcp_message_template
                0x00000000       0xd0 dhcp_client.o
 .text.send_dhcp_discover
                0x00000000       0x70 dhcp_client.o
 .text.dhcp_get_message_type
                0x00000000       0x94 dhcp_client.o
 .text.dhcp_get_yiaddr
                0x00000000       0x34 dhcp_client.o
 .text.is_dhcp_msg_for_me
                0x00000000       0x38 dhcp_client.o
 .text.dhcp_is_renew_tid
                0x00000000       0x1a dhcp_client.o
 .text.dhcp_option_parser
                0x00000000      0x2e2 dhcp_client.o
 .text.send_dhcp_request
                0x00000000      0x100 dhcp_client.o
 .text.send_dhcp_renew_request
                0x00000000       0x72 dhcp_client.o
 .text.packetloop_dhcp_initial_ip_assignment
                0x00000000      0x11e dhcp_client.o
 .text.dhcp_get_my_ip
                0x00000000       0x68 dhcp_client.o
 .text.packetloop_dhcp_renewhandler
                0x00000000       0xbe dhcp_client.o
 .bss.dhcp_6sec_cnt
                0x00000000        0x1 dhcp_client.o
 .bss.dhcp_yiaddr
                0x00000000        0x4 dhcp_client.o
 .bss.dhcp_opt_mask
                0x00000000        0x4 dhcp_client.o
 .bss.dhcp_opt_defaultgw
                0x00000000        0x4 dhcp_client.o
 .bss.dhcp_opt_leasetime_minutes
                0x00000000        0x2 dhcp_client.o
 .bss.dhcp_opt_message_type
                0x00000000        0x1 dhcp_client.o
 .bss.dhcp_opt_server_id
                0x00000000        0x4 dhcp_client.o
 .data.init.1969
                0x00000000        0x2 dhcp_client.o
 .bss.dhcp_tid  0x00000000        0x1 dhcp_client.o
 .text          0x00000000        0x0 dnslkup.o
 .bss           0x00000000        0x0 dnslkup.o
 .text.dnslkup_haveanswer
                0x00000000        0x6 dnslkup.o
 .text.dnslkup_get_error_info
                0x00000000        0x6 dnslkup.o
 .text.dnslkup_get_ip
                0x00000000       0x18 dnslkup.o
 .text.string_is_ipv4
                0x00000000       0x52 dnslkup.o
 .text.dnslkup_request
                0x00000000      0x138 dnslkup.o
 .text.udp_client_check_for_dns_answer
                0x00000000       0xfa dnslkup.o
 .bss.haveDNSanswer
                0x00000000        0x1 dnslkup.o
 .bss.dns_ansError
                0x00000000        0x1 dnslkup.o
 .bss.dns_answerip
                0x00000000        0x4 dnslkup.o
 .bss.dnstid_l  0x00000000        0x1 dnslkup.o
 .data.dnsip    0x00000000        0x4 dnslkup.o
 .text          0x00000000        0x0 enc28j60.o
 .bss           0x00000000        0x0 enc28j60.o
 .text.enc28j60getrev
                0x00000000        0x8 enc28j60.o
 .text.enc28j60hasRxPkt
                0x00000000       0x12 enc28j60.o
 .text          0x00000000        0x0 FAT32.o
 .bss           0x00000000        0x0 FAT32.o
 .text.deleteFile
                0x00000000       0x1c FAT32.o
 .text          0x00000000        0x0 GccApplication1.o
 .bss           0x00000000        0x0 GccApplication1.o
 .text.verify_password
                0x00000000       0x1c GccApplication1.o
 .text.analyse_get_url
                0x00000000       0x66 GccApplication1.o
 .text.i2cSlaveReceiveService
                0x00000000       0x1e GccApplication1.o
 .text.c2f      0x00000000       0x2e GccApplication1.o
 .text.adddecimalpoint
                0x00000000       0x40 GccApplication1.o
 .bss.gSec      0x00000000        0x1 GccApplication1.o
 .bss.cnt2step  0x00000000        0x1 GccApplication1.o
 .bss.gAllSensorsReadOnce
                0x00000000        0x1 GccApplication1.o
 .bss.data      0x00000000        0x2 GccApplication1.o
 .data.password
                0x00000000        0x5 GccApplication1.o
 .text          0x00000000        0x0 i2c.o
 .bss           0x00000000        0x0 i2c.o
 .text          0x00000000        0x0 ip_arp_udp_tcp.o
 .bss           0x00000000        0x0 ip_arp_udp_tcp.o
 .text.client_ifconfig
                0x00000000       0x3c ip_arp_udp_tcp.o
 .text.route_via_gw
                0x00000000       0x48 ip_arp_udp_tcp.o
 .text.check_ip_message_is_from
                0x00000000       0x2c ip_arp_udp_tcp.o
 .text.make_udp_reply_from_request_udpdat_ready
                0x00000000       0x82 ip_arp_udp_tcp.o
 .text.make_udp_reply_from_request
                0x00000000       0x28 ip_arp_udp_tcp.o
 .text.client_ntp_request
                0x00000000      0x118 ip_arp_udp_tcp.o
 .text.client_ntp_process_answer
                0x00000000       0x74 ip_arp_udp_tcp.o
 .text.send_udp_prepare
                0x00000000       0xc8 ip_arp_udp_tcp.o
 .text.send_udp_transmit
                0x00000000       0x4a ip_arp_udp_tcp.o
 .text.send_udp
                0x00000000       0x6c ip_arp_udp_tcp.o
 .text.get_mac_with_arp_wait
                0x00000000        0xe ip_arp_udp_tcp.o
 .text.get_mac_with_arp
                0x00000000       0x2a ip_arp_udp_tcp.o
 .text.register_ping_rec_callback
                0x00000000        0xa ip_arp_udp_tcp.o
 .progmem.data.ntpreqhdr
                0x00000000        0xa ip_arp_udp_tcp.o
 .progmem.data.iphdr
                0x00000000        0x9 ip_arp_udp_tcp.o
 .data.ipnetmask
                0x00000000        0x4 ip_arp_udp_tcp.o
 .data.ipid     0x00000000        0x1 ip_arp_udp_tcp.o
 .text          0x00000000        0x0 SD_routines.o
 .bss           0x00000000        0x0 SD_routines.o
 .text.SD_erase
                0x00000000       0x64 SD_routines.o
 .text          0x00000000        0x0 sensirion_protocol.o
 .bss           0x00000000        0x0 sensirion_protocol.o
 .text.computeCRC8
                0x00000000       0x20 sensirion_protocol.o
 .text.bitswapbyte
                0x00000000       0x14 sensirion_protocol.o
 .text.s_write_byte
                0x00000000       0xe2 sensirion_protocol.o
 .text.s_read_byte
                0x00000000      0x128 sensirion_protocol.o
 .text.s_transstart
                0x00000000       0xa4 sensirion_protocol.o
 .text.s_connectionreset
                0x00000000       0x5c sensirion_protocol.o
 .text.s_softreset
                0x00000000       0x14 sensirion_protocol.o
 .text.s_measure
                0x00000000       0x30 sensirion_protocol.o
 .text.s_resultready
                0x00000000       0x22 sensirion_protocol.o
 .text.s_readmeasurement
                0x00000000       0x76 sensirion_protocol.o
 .text.calc_sth11_temp
                0x00000000       0x22 sensirion_protocol.o
 .text.rhcalc_int
                0x00000000       0x8a sensirion_protocol.o
 .text.calc_sth11_humi
                0x00000000       0x22 sensirion_protocol.o
 .text.log10_approx
                0x00000000       0xa8 sensirion_protocol.o
 .text.calc_dewpoint
                0x00000000       0x8e sensirion_protocol.o
 .rodata.gSensor2dataDDR
                0x00000000        0x4 sensirion_protocol.o
 .rodata.gSensor2dataPORT
                0x00000000        0x4 sensirion_protocol.o
 .rodata.gSensor2dataPIN
                0x00000000        0x4 sensirion_protocol.o
 .bss.gSensor2mode
                0x00000000        0x4 sensirion_protocol.o
 .text          0x00000000        0x0 SPI_routines.o
 .bss           0x00000000        0x0 SPI_routines.o
 .text.spi_init
                0x00000000       0x14 SPI_routines.o
 .text          0x00000000        0x0 therm_ds18b20.o
 .bss           0x00000000        0x0 therm_ds18b20.o
 .text.therm_delay
                0x00000000       0x14 therm_ds18b20.o
 .text.therm_reset
                0x00000000       0x2a therm_ds18b20.o
 .text.Therm_reset
                0x00000000       0x30 therm_ds18b20.o
 .text.therm_write_bit
                0x00000000       0x22 therm_ds18b20.o
 .text.Therm_write_bit
                0x00000000       0x20 therm_ds18b20.o
 .text.therm_read_bit
                0x00000000       0x2c therm_ds18b20.o
 .text.Therm_read_bit
                0x00000000       0x26 therm_ds18b20.o
 .text.therm_read_byte
                0x00000000       0x24 therm_ds18b20.o
 .text.Therm_read_byte
                0x00000000       0x24 therm_ds18b20.o
 .text.therm_write_byte
                0x00000000       0x1c therm_ds18b20.o
 .text.Therm_write_byte
                0x00000000       0x1c therm_ds18b20.o
 .rodata.str1.1
                0x00000000        0xb therm_ds18b20.o
 .text.therm_read_temperature
                0x00000000       0xa2 therm_ds18b20.o
 .text.Therm_read_temperature
                0x00000000       0xa2 therm_ds18b20.o
 .text.therm_read_temperature2
                0x00000000       0x84 therm_ds18b20.o
 .text          0x00000000        0x0 UART_routines.o
 .bss           0x00000000        0x0 UART_routines.o
 .text.usart_write_P
                0x00000000      0x1ec UART_routines.o
 .text.USART_Flush
                0x00000000        0xc UART_routines.o
 .text.USART_Receive
                0x00000000        0xa UART_routines.o
 .text.receiveByte
                0x00000000        0xa UART_routines.o
 .rodata.str1.1
                0x00000000        0xb UART_routines.o
 .text.transmitHex
                0x00000000       0x92 UART_routines.o
 .text          0x00000000        0x0 websrv_help_functions.o
 .bss           0x00000000        0x0 websrv_help_functions.o
 .text.parse_ip
                0x00000000       0xe4 websrv_help_functions.o
 .text.mk_net_str
                0x00000000       0x92 websrv_help_functions.o
 .text          0x00000000        0x0 c:/program files/atmel/atmel toolchain/avr8 gcc/native/3.4.2.1002/avr8-gnu-toolchain/bin/../lib/gcc/avr/4.7.2/avr5\libgcc.a(_mulsi3.o)
 .bss           0x00000000        0x0 c:/program files/atmel/atmel toolchain/avr8 gcc/native/3.4.2.1002/avr8-gnu-toolchain/bin/../lib/gcc/avr/4.7.2/avr5\libgcc.a(_mulsi3.o)
 .text.libgcc.div
                0x00000000        0x0 c:/program files/atmel/atmel toolchain/avr8 gcc/native/3.4.2.1002/avr8-gnu-toolchain/bin/../lib/gcc/avr/4.7.2/avr5\libgcc.a(_mulsi3.o)
 .text.libgcc   0x00000000        0x0 c:/program files/atmel/atmel toolchain/avr8 gcc/native/3.4.2.1002/avr8-gnu-toolchain/bin/../lib/gcc/avr/4.7.2/avr5\libgcc.a(_mulsi3.o)
 .text.libgcc.prologue
                0x00000000        0x0 c:/program files/atmel/atmel toolchain/avr8 gcc/native/3.4.2.1002/avr8-gnu-toolchain/bin/../lib/gcc/avr/4.7.2/avr5\libgcc.a(_mulsi3.o)
 .text.libgcc.builtins
                0x00000000        0x0 c:/program files/atmel/atmel toolchain/avr8 gcc/native/3.4.2.1002/avr8-gnu-toolchain/bin/../lib/gcc/avr/4.7.2/avr5\libgcc.a(_mulsi3.o)
 .text.libgcc.fmul
                0x00000000        0x0 c:/program files/atmel/atmel toolchain/avr8 gcc/native/3.4.2.1002/avr8-gnu-toolchain/bin/../lib/gcc/avr/4.7.2/avr5\libgcc.a(_mulsi3.o)
 .text          0x00000000        0x0 c:/program files/atmel/atmel toolchain/avr8 gcc/native/3.4.2.1002/avr8-gnu-toolchain/bin/../lib/gcc/avr/4.7.2/avr5\libgcc.a(_divmodhi4.o)
 .bss           0x00000000        0x0 c:/program files/atmel/atmel toolchain/avr8 gcc/native/3.4.2.1002/avr8-gnu-toolchain/bin/../lib/gcc/avr/4.7.2/avr5\libgcc.a(_divmodhi4.o)
 .text.libgcc.mul
                0x00000000        0x0 c:/program files/atmel/atmel toolchain/avr8 gcc/native/3.4.2.1002/avr8-gnu-toolchain/bin/../lib/gcc/avr/4.7.2/avr5\libgcc.a(_divmodhi4.o)
 .text.libgcc.div
                0x00000000       0x28 c:/program files/atmel/atmel toolchain/avr8 gcc/native/3.4.2.1002/avr8-gnu-toolchain/bin/../lib/gcc/avr/4.7.2/avr5\libgcc.a(_divmodhi4.o)
 .text.libgcc   0x00000000        0x0 c:/program files/atmel/atmel toolchain/avr8 gcc/native/3.4.2.1002/avr8-gnu-toolchain/bin/../lib/gcc/avr/4.7.2/avr5\libgcc.a(_divmodhi4.o)
 .text.libgcc.prologue
                0x00000000        0x0 c:/program files/atmel/atmel toolchain/avr8 gcc/native/3.4.2.1002/avr8-gnu-toolchain/bin/../lib/gcc/avr/4.7.2/avr5\libgcc.a(_divmodhi4.o)
 .text.libgcc.builtins
                0x00000000        0x0 c:/program files/atmel/atmel toolchain/avr8 gcc/native/3.4.2.1002/avr8-gnu-toolchain/bin/../lib/gcc/avr/4.7.2/avr5\libgcc.a(_divmodhi4.o)
 .text.libgcc.fmul
                0x00000000        0x0 c:/program files/atmel/atmel toolchain/avr8 gcc/native/3.4.2.1002/avr8-gnu-toolchain/bin/../lib/gcc/avr/4.7.2/avr5\libgcc.a(_divmodhi4.o)
 .text          0x00000000        0x0 c:/program files/atmel/atmel toolchain/avr8 gcc/native/3.4.2.1002/avr8-gnu-toolchain/bin/../lib/gcc/avr/4.7.2/avr5\libgcc.a(_udivmodsi4.o)
 .bss           0x00000000        0x0 c:/program files/atmel/atmel toolchain/avr8 gcc/native/3.4.2.1002/avr8-gnu-toolchain/bin/../lib/gcc/avr/4.7.2/avr5\libgcc.a(_udivmodsi4.o)
 .text.libgcc.mul
                0x00000000        0x0 c:/program files/atmel/atmel toolchain/avr8 gcc/native/3.4.2.1002/avr8-gnu-toolchain/bin/../lib/gcc/avr/4.7.2/avr5\libgcc.a(_udivmodsi4.o)
 .text.libgcc   0x00000000        0x0 c:/program files/atmel/atmel toolchain/avr8 gcc/native/3.4.2.1002/avr8-gnu-toolchain/bin/../lib/gcc/avr/4.7.2/avr5\libgcc.a(_udivmodsi4.o)
 .text.libgcc.prologue
                0x00000000        0x0 c:/program files/atmel/atmel toolchain/avr8 gcc/native/3.4.2.1002/avr8-gnu-toolchain/bin/../lib/gcc/avr/4.7.2/avr5\libgcc.a(_udivmodsi4.o)
 .text.libgcc.builtins
                0x00000000        0x0 c:/program files/atmel/atmel toolchain/avr8 gcc/native/3.4.2.1002/avr8-gnu-toolchain/bin/../lib/gcc/avr/4.7.2/avr5\libgcc.a(_udivmodsi4.o)
 .text.libgcc.fmul
                0x00000000        0x0 c:/program files/atmel/atmel toolchain/avr8 gcc/native/3.4.2.1002/avr8-gnu-toolchain/bin/../lib/gcc/avr/4.7.2/avr5\libgcc.a(_udivmodsi4.o)
 .text          0x00000000        0x0 c:/program files/atmel/atmel toolchain/avr8 gcc/native/3.4.2.1002/avr8-gnu-toolchain/bin/../lib/gcc/avr/4.7.2/avr5\libgcc.a(_exit.o)
 .bss           0x00000000        0x0 c:/program files/atmel/atmel toolchain/avr8 gcc/native/3.4.2.1002/avr8-gnu-toolchain/bin/../lib/gcc/avr/4.7.2/avr5\libgcc.a(_exit.o)
 .text.libgcc.mul
                0x00000000        0x0 c:/program files/atmel/atmel toolchain/avr8 gcc/native/3.4.2.1002/avr8-gnu-toolchain/bin/../lib/gcc/avr/4.7.2/avr5\libgcc.a(_exit.o)
 .text.libgcc.div
                0x00000000        0x0 c:/program files/atmel/atmel toolchain/avr8 gcc/native/3.4.2.1002/avr8-gnu-toolchain/bin/../lib/gcc/avr/4.7.2/avr5\libgcc.a(_exit.o)
 .text.libgcc   0x00000000        0x0 c:/program files/atmel/atmel toolchain/avr8 gcc/native/3.4.2.1002/avr8-gnu-toolchain/bin/../lib/gcc/avr/4.7.2/avr5\libgcc.a(_exit.o)
 .text.libgcc.prologue
                0x00000000        0x0 c:/program files/atmel/atmel toolchain/avr8 gcc/native/3.4.2.1002/avr8-gnu-toolchain/bin/../lib/gcc/avr/4.7.2/avr5\libgcc.a(_exit.o)
 .text.libgcc.builtins
                0x00000000        0x0 c:/program files/atmel/atmel toolchain/avr8 gcc/native/3.4.2.1002/avr8-gnu-toolchain/bin/../lib/gcc/avr/4.7.2/avr5\libgcc.a(_exit.o)
 .text.libgcc.fmul
                0x00000000        0x0 c:/program files/atmel/atmel toolchain/avr8 gcc/native/3.4.2.1002/avr8-gnu-toolchain/bin/../lib/gcc/avr/4.7.2/avr5\libgcc.a(_exit.o)
 .text          0x00000000        0x0 c:/program files/atmel/atmel toolchain/avr8 gcc/native/3.4.2.1002/avr8-gnu-toolchain/bin/../lib/gcc/avr/4.7.2/avr5\libgcc.a(_copy_data.o)
 .bss           0x00000000        0x0 c:/program files/atmel/atmel toolchain/avr8 gcc/native/3.4.2.1002/avr8-gnu-toolchain/bin/../lib/gcc/avr/4.7.2/avr5\libgcc.a(_copy_data.o)
 .text.libgcc.mul
                0x00000000        0x0 c:/program files/atmel/atmel toolchain/avr8 gcc/native/3.4.2.1002/avr8-gnu-toolchain/bin/../lib/gcc/avr/4.7.2/avr5\libgcc.a(_copy_data.o)
 .text.libgcc.div
                0x00000000        0x0 c:/program files/atmel/atmel toolchain/avr8 gcc/native/3.4.2.1002/avr8-gnu-toolchain/bin/../lib/gcc/avr/4.7.2/avr5\libgcc.a(_copy_data.o)
 .text.libgcc   0x00000000        0x0 c:/program files/atmel/atmel toolchain/avr8 gcc/native/3.4.2.1002/avr8-gnu-toolchain/bin/../lib/gcc/avr/4.7.2/avr5\libgcc.a(_copy_data.o)
 .text.libgcc.prologue
                0x00000000        0x0 c:/program files/atmel/atmel toolchain/avr8 gcc/native/3.4.2.1002/avr8-gnu-toolchain/bin/../lib/gcc/avr/4.7.2/avr5\libgcc.a(_copy_data.o)
 .text.libgcc.builtins
                0x00000000        0x0 c:/program files/atmel/atmel toolchain/avr8 gcc/native/3.4.2.1002/avr8-gnu-toolchain/bin/../lib/gcc/avr/4.7.2/avr5\libgcc.a(_copy_data.o)
 .text.libgcc.fmul
                0x00000000        0x0 c:/program files/atmel/atmel toolchain/avr8 gcc/native/3.4.2.1002/avr8-gnu-toolchain/bin/../lib/gcc/avr/4.7.2/avr5\libgcc.a(_copy_data.o)
 .text          0x00000000        0x0 c:/program files/atmel/atmel toolchain/avr8 gcc/native/3.4.2.1002/avr8-gnu-toolchain/bin/../lib/gcc/avr/4.7.2/avr5\libgcc.a(_clear_bss.o)
 .bss           0x00000000        0x0 c:/program files/atmel/atmel toolchain/avr8 gcc/native/3.4.2.1002/avr8-gnu-toolchain/bin/../lib/gcc/avr/4.7.2/avr5\libgcc.a(_clear_bss.o)
 .text.libgcc.mul
                0x00000000        0x0 c:/program files/atmel/atmel toolchain/avr8 gcc/native/3.4.2.1002/avr8-gnu-toolchain/bin/../lib/gcc/avr/4.7.2/avr5\libgcc.a(_clear_bss.o)
 .text.libgcc.div
                0x00000000        0x0 c:/program files/atmel/atmel toolchain/avr8 gcc/native/3.4.2.1002/avr8-gnu-toolchain/bin/../lib/gcc/avr/4.7.2/avr5\libgcc.a(_clear_bss.o)
 .text.libgcc   0x00000000        0x0 c:/program files/atmel/atmel toolchain/avr8 gcc/native/3.4.2.1002/avr8-gnu-toolchain/bin/../lib/gcc/avr/4.7.2/avr5\libgcc.a(_clear_bss.o)
 .text.libgcc.prologue
                0x00000000        0x0 c:/program files/atmel/atmel toolchain/avr8 gcc/native/3.4.2.1002/avr8-gnu-toolchain/bin/../lib/gcc/avr/4.7.2/avr5\libgcc.a(_clear_bss.o)
 .text.libgcc.builtins
                0x00000000        0x0 c:/program files/atmel/atmel toolchain/avr8 gcc/native/3.4.2.1002/avr8-gnu-toolchain/bin/../lib/gcc/avr/4.7.2/avr5\libgcc.a(_clear_bss.o)
 .text.libgcc.fmul
                0x00000000        0x0 c:/program files/atmel/atmel toolchain/avr8 gcc/native/3.4.2.1002/avr8-gnu-toolchain/bin/../lib/gcc/avr/4.7.2/avr5\libgcc.a(_clear_bss.o)
 .text          0x00000000        0x0 c:/program files/atmel/atmel toolchain/avr8 gcc/native/3.4.2.1002/avr8-gnu-toolchain/bin/../lib/gcc/avr/4.7.2/avr5\libgcc.a(_umulhisi3.o)
 .bss           0x00000000        0x0 c:/program files/atmel/atmel toolchain/avr8 gcc/native/3.4.2.1002/avr8-gnu-toolchain/bin/../lib/gcc/avr/4.7.2/avr5\libgcc.a(_umulhisi3.o)
 .text.libgcc.div
                0x00000000        0x0 c:/program files/atmel/atmel toolchain/avr8 gcc/native/3.4.2.1002/avr8-gnu-toolchain/bin/../lib/gcc/avr/4.7.2/avr5\libgcc.a(_umulhisi3.o)
 .text.libgcc   0x00000000        0x0 c:/program files/atmel/atmel toolchain/avr8 gcc/native/3.4.2.1002/avr8-gnu-toolchain/bin/../lib/gcc/avr/4.7.2/avr5\libgcc.a(_umulhisi3.o)
 .text.libgcc.prologue
                0x00000000        0x0 c:/program files/atmel/atmel toolchain/avr8 gcc/native/3.4.2.1002/avr8-gnu-toolchain/bin/../lib/gcc/avr/4.7.2/avr5\libgcc.a(_umulhisi3.o)
 .text.libgcc.builtins
                0x00000000        0x0 c:/program files/atmel/atmel toolchain/avr8 gcc/native/3.4.2.1002/avr8-gnu-toolchain/bin/../lib/gcc/avr/4.7.2/avr5\libgcc.a(_umulhisi3.o)
 .text.libgcc.fmul
                0x00000000        0x0 c:/program files/atmel/atmel toolchain/avr8 gcc/native/3.4.2.1002/avr8-gnu-toolchain/bin/../lib/gcc/avr/4.7.2/avr5\libgcc.a(_umulhisi3.o)
 .text          0x00000000        0x0 c:/program files/atmel/atmel toolchain/avr8 gcc/native/3.4.2.1002/avr8-gnu-toolchain/bin/../lib/gcc/avr/4.7.2/avr5\libgcc.a(_muluhisi3.o)
 .bss           0x00000000        0x0 c:/program files/atmel/atmel toolchain/avr8 gcc/native/3.4.2.1002/avr8-gnu-toolchain/bin/../lib/gcc/avr/4.7.2/avr5\libgcc.a(_muluhisi3.o)
 .text.libgcc.div
                0x00000000        0x0 c:/program files/atmel/atmel toolchain/avr8 gcc/native/3.4.2.1002/avr8-gnu-toolchain/bin/../lib/gcc/avr/4.7.2/avr5\libgcc.a(_muluhisi3.o)
 .text.libgcc   0x00000000        0x0 c:/program files/atmel/atmel toolchain/avr8 gcc/native/3.4.2.1002/avr8-gnu-toolchain/bin/../lib/gcc/avr/4.7.2/avr5\libgcc.a(_muluhisi3.o)
 .text.libgcc.prologue
                0x00000000        0x0 c:/program files/atmel/atmel toolchain/avr8 gcc/native/3.4.2.1002/avr8-gnu-toolchain/bin/../lib/gcc/avr/4.7.2/avr5\libgcc.a(_muluhisi3.o)
 .text.libgcc.builtins
                0x00000000        0x0 c:/program files/atmel/atmel toolchain/avr8 gcc/native/3.4.2.1002/avr8-gnu-toolchain/bin/../lib/gcc/avr/4.7.2/avr5\libgcc.a(_muluhisi3.o)
 .text.libgcc.fmul
                0x00000000        0x0 c:/program files/atmel/atmel toolchain/avr8 gcc/native/3.4.2.1002/avr8-gnu-toolchain/bin/../lib/gcc/avr/4.7.2/avr5\libgcc.a(_muluhisi3.o)
 .text          0x00000000        0x0 c:/program files/atmel/atmel toolchain/avr8 gcc/native/3.4.2.1002/avr8-gnu-toolchain/bin/../lib/gcc/avr/4.7.2/avr5\libgcc.a(_udivmodhi4.o)
 .bss           0x00000000        0x0 c:/program files/atmel/atmel toolchain/avr8 gcc/native/3.4.2.1002/avr8-gnu-toolchain/bin/../lib/gcc/avr/4.7.2/avr5\libgcc.a(_udivmodhi4.o)
 .text.libgcc.mul
                0x00000000        0x0 c:/program files/atmel/atmel toolchain/avr8 gcc/native/3.4.2.1002/avr8-gnu-toolchain/bin/../lib/gcc/avr/4.7.2/avr5\libgcc.a(_udivmodhi4.o)
 .text.libgcc.div
                0x00000000       0x28 c:/program files/atmel/atmel toolchain/avr8 gcc/native/3.4.2.1002/avr8-gnu-toolchain/bin/../lib/gcc/avr/4.7.2/avr5\libgcc.a(_udivmodhi4.o)
 .text.libgcc   0x00000000        0x0 c:/program files/atmel/atmel toolchain/avr8 gcc/native/3.4.2.1002/avr8-gnu-toolchain/bin/../lib/gcc/avr/4.7.2/avr5\libgcc.a(_udivmodhi4.o)
 .text.libgcc.prologue
                0x00000000        0x0 c:/program files/atmel/atmel toolchain/avr8 gcc/native/3.4.2.1002/avr8-gnu-toolchain/bin/../lib/gcc/avr/4.7.2/avr5\libgcc.a(_udivmodhi4.o)
 .text.libgcc.builtins
                0x00000000        0x0 c:/program files/atmel/atmel toolchain/avr8 gcc/native/3.4.2.1002/avr8-gnu-toolchain/bin/../lib/gcc/avr/4.7.2/avr5\libgcc.a(_udivmodhi4.o)
 .text.libgcc.fmul
                0x00000000        0x0 c:/program files/atmel/atmel toolchain/avr8 gcc/native/3.4.2.1002/avr8-gnu-toolchain/bin/../lib/gcc/avr/4.7.2/avr5\libgcc.a(_udivmodhi4.o)
 .text          0x00000000        0x0 c:/program files/atmel/atmel toolchain/avr8 gcc/native/3.4.2.1002/avr8-gnu-toolchain/bin/../lib/gcc/avr/4.7.2/../../../../avr/lib/avr5\libc.a(atoi.o)
 .bss           0x00000000        0x0 c:/program files/atmel/atmel toolchain/avr8 gcc/native/3.4.2.1002/avr8-gnu-toolchain/bin/../lib/gcc/avr/4.7.2/../../../../avr/lib/avr5\libc.a(atoi.o)
 .text.avr-libc
                0x00000000       0x3c c:/program files/atmel/atmel toolchain/avr8 gcc/native/3.4.2.1002/avr8-gnu-toolchain/bin/../lib/gcc/avr/4.7.2/../../../../avr/lib/avr5\libc.a(atoi.o)
 .text          0x00000000        0x0 c:/program files/atmel/atmel toolchain/avr8 gcc/native/3.4.2.1002/avr8-gnu-toolchain/bin/../lib/gcc/avr/4.7.2/../../../../avr/lib/avr5\libc.a(memcmp.o)
 .bss           0x00000000        0x0 c:/program files/atmel/atmel toolchain/avr8 gcc/native/3.4.2.1002/avr8-gnu-toolchain/bin/../lib/gcc/avr/4.7.2/../../../../avr/lib/avr5\libc.a(memcmp.o)
 .text          0x00000000        0x0 c:/program files/atmel/atmel toolchain/avr8 gcc/native/3.4.2.1002/avr8-gnu-toolchain/bin/../lib/gcc/avr/4.7.2/../../../../avr/lib/avr5\libc.a(strcat.o)
 .bss           0x00000000        0x0 c:/program files/atmel/atmel toolchain/avr8 gcc/native/3.4.2.1002/avr8-gnu-toolchain/bin/../lib/gcc/avr/4.7.2/../../../../avr/lib/avr5\libc.a(strcat.o)
 .text.avr-libc
                0x00000000       0x16 c:/program files/atmel/atmel toolchain/avr8 gcc/native/3.4.2.1002/avr8-gnu-toolchain/bin/../lib/gcc/avr/4.7.2/../../../../avr/lib/avr5\libc.a(strcat.o)
 .text          0x00000000        0x0 c:/program files/atmel/atmel toolchain/avr8 gcc/native/3.4.2.1002/avr8-gnu-toolchain/bin/../lib/gcc/avr/4.7.2/../../../../avr/lib/avr5\libc.a(strcpy.o)
 .bss           0x00000000        0x0 c:/program files/atmel/atmel toolchain/avr8 gcc/native/3.4.2.1002/avr8-gnu-toolchain/bin/../lib/gcc/avr/4.7.2/../../../../avr/lib/avr5\libc.a(strcpy.o)
 .text.avr-libc
                0x00000000        0xe c:/program files/atmel/atmel toolchain/avr8 gcc/native/3.4.2.1002/avr8-gnu-toolchain/bin/../lib/gcc/avr/4.7.2/../../../../avr/lib/avr5\libc.a(strcpy.o)
 .text          0x00000000        0x0 c:/program files/atmel/atmel toolchain/avr8 gcc/native/3.4.2.1002/avr8-gnu-toolchain/bin/../lib/gcc/avr/4.7.2/../../../../avr/lib/avr5\libc.a(strncmp.o)
 .bss           0x00000000        0x0 c:/program files/atmel/atmel toolchain/avr8 gcc/native/3.4.2.1002/avr8-gnu-toolchain/bin/../lib/gcc/avr/4.7.2/../../../../avr/lib/avr5\libc.a(strncmp.o)
 .text          0x00000000        0x0 c:/program files/atmel/atmel toolchain/avr8 gcc/native/3.4.2.1002/avr8-gnu-toolchain/bin/../lib/gcc/avr/4.7.2/../../../../avr/lib/avr5\libc.a(itoa.o)
 .bss           0x00000000        0x0 c:/program files/atmel/atmel toolchain/avr8 gcc/native/3.4.2.1002/avr8-gnu-toolchain/bin/../lib/gcc/avr/4.7.2/../../../../avr/lib/avr5\libc.a(itoa.o)
 .text.avr-libc
                0x00000000       0x42 c:/program files/atmel/atmel toolchain/avr8 gcc/native/3.4.2.1002/avr8-gnu-toolchain/bin/../lib/gcc/avr/4.7.2/../../../../avr/lib/avr5\libc.a(itoa.o)
 .text          0x00000000        0x0 c:/program files/atmel/atmel toolchain/avr8 gcc/native/3.4.2.1002/avr8-gnu-toolchain/bin/../lib/gcc/avr/4.7.2/../../../../avr/lib/avr5\libc.a(mul10.o)
 .bss           0x00000000        0x0 c:/program files/atmel/atmel toolchain/avr8 gcc/native/3.4.2.1002/avr8-gnu-toolchain/bin/../lib/gcc/avr/4.7.2/../../../../avr/lib/avr5\libc.a(mul10.o)
 .text.avr-libc
                0x00000000       0x10 c:/program files/atmel/atmel toolchain/avr8 gcc/native/3.4.2.1002/avr8-gnu-toolchain/bin/../lib/gcc/avr/4.7.2/../../../../avr/lib/avr5\libc.a(mul10.o)
 .text          0x00000000        0x0 c:/program files/atmel/atmel toolchain/avr8 gcc/native/3.4.2.1002/avr8-gnu-toolchain/bin/../lib/gcc/avr/4.7.2/../../../../avr/lib/avr5\libc.a(sprintf.o)
 .bss           0x00000000        0x0 c:/program files/atmel/atmel toolchain/avr8 gcc/native/3.4.2.1002/avr8-gnu-toolchain/bin/../lib/gcc/avr/4.7.2/../../../../avr/lib/avr5\libc.a(sprintf.o)
 .text.avr-libc
                0x00000000       0x44 c:/program files/atmel/atmel toolchain/avr8 gcc/native/3.4.2.1002/avr8-gnu-toolchain/bin/../lib/gcc/avr/4.7.2/../../../../avr/lib/avr5\libc.a(sprintf.o)
 .text          0x00000000        0x0 c:/program files/atmel/atmel toolchain/avr8 gcc/native/3.4.2.1002/avr8-gnu-toolchain/bin/../lib/gcc/avr/4.7.2/../../../../avr/lib/avr5\libc.a(vfprintf_std.o)
 .bss           0x00000000        0x0 c:/program files/atmel/atmel toolchain/avr8 gcc/native/3.4.2.1002/avr8-gnu-toolchain/bin/../lib/gcc/avr/4.7.2/../../../../avr/lib/avr5\libc.a(vfprintf_std.o)
 .text.avr-libc
                0x00000000      0x3b8 c:/program files/atmel/atmel toolchain/avr8 gcc/native/3.4.2.1002/avr8-gnu-toolchain/bin/../lib/gcc/avr/4.7.2/../../../../avr/lib/avr5\libc.a(vfprintf_std.o)
 .text          0x00000000        0x0 c:/program files/atmel/atmel toolchain/avr8 gcc/native/3.4.2.1002/avr8-gnu-toolchain/bin/../lib/gcc/avr/4.7.2/../../../../avr/lib/avr5\libc.a(strnlen_P.o)
 .bss           0x00000000        0x0 c:/program files/atmel/atmel toolchain/avr8 gcc/native/3.4.2.1002/avr8-gnu-toolchain/bin/../lib/gcc/avr/4.7.2/../../../../avr/lib/avr5\libc.a(strnlen_P.o)
 .text.avr-libc
                0x00000000       0x16 c:/program files/atmel/atmel toolchain/avr8 gcc/native/3.4.2.1002/avr8-gnu-toolchain/bin/../lib/gcc/avr/4.7.2/../../../../avr/lib/avr5\libc.a(strnlen_P.o)
 .text          0x00000000        0x0 c:/program files/atmel/atmel toolchain/avr8 gcc/native/3.4.2.1002/avr8-gnu-toolchain/bin/../lib/gcc/avr/4.7.2/../../../../avr/lib/avr5\libc.a(strnlen.o)
 .bss           0x00000000        0x0 c:/program files/atmel/atmel toolchain/avr8 gcc/native/3.4.2.1002/avr8-gnu-toolchain/bin/../lib/gcc/avr/4.7.2/../../../../avr/lib/avr5\libc.a(strnlen.o)
 .text.avr-libc
                0x00000000       0x16 c:/program files/atmel/atmel toolchain/avr8 gcc/native/3.4.2.1002/avr8-gnu-toolchain/bin/../lib/gcc/avr/4.7.2/../../../../avr/lib/avr5\libc.a(strnlen.o)
 .text          0x00000000        0x0 c:/program files/atmel/atmel toolchain/avr8 gcc/native/3.4.2.1002/avr8-gnu-toolchain/bin/../lib/gcc/avr/4.7.2/../../../../avr/lib/avr5\libc.a(strrev.o)
 .bss           0x00000000        0x0 c:/program files/atmel/atmel toolchain/avr8 gcc/native/3.4.2.1002/avr8-gnu-toolchain/bin/../lib/gcc/avr/4.7.2/../../../../avr/lib/avr5\libc.a(strrev.o)
 .text.avr-libc
                0x00000000       0x20 c:/program files/atmel/atmel toolchain/avr8 gcc/native/3.4.2.1002/avr8-gnu-toolchain/bin/../lib/gcc/avr/4.7.2/../../../../avr/lib/avr5\libc.a(strrev.o)
 .text          0x00000000        0x0 c:/program files/atmel/atmel toolchain/avr8 gcc/native/3.4.2.1002/avr8-gnu-toolchain/bin/../lib/gcc/avr/4.7.2/../../../../avr/lib/avr5\libc.a(fputc.o)
 .bss           0x00000000        0x0 c:/program files/atmel/atmel toolchain/avr8 gcc/native/3.4.2.1002/avr8-gnu-toolchain/bin/../lib/gcc/avr/4.7.2/../../../../avr/lib/avr5\libc.a(fputc.o)
 .text.avr-libc
                0x00000000       0x58 c:/program files/atmel/atmel toolchain/avr8 gcc/native/3.4.2.1002/avr8-gnu-toolchain/bin/../lib/gcc/avr/4.7.2/../../../../avr/lib/avr5\libc.a(fputc.o)
 .text          0x00000000        0x0 c:/program files/atmel/atmel toolchain/avr8 gcc/native/3.4.2.1002/avr8-gnu-toolchain/bin/../lib/gcc/avr/4.7.2/../../../../avr/lib/avr5\libc.a(ultoa_invert.o)
 .bss           0x00000000        0x0 c:/program files/atmel/atmel toolchain/avr8 gcc/native/3.4.2.1002/avr8-gnu-toolchain/bin/../lib/gcc/avr/4.7.2/../../../../avr/lib/avr5\libc.a(ultoa_invert.o)
 .text.avr-libc
                0x00000000       0xbc c:/program files/atmel/atmel toolchain/avr8 gcc/native/3.4.2.1002/avr8-gnu-toolchain/bin/../lib/gcc/avr/4.7.2/../../../../avr/lib/avr5\libc.a(ultoa_invert.o)
 .text          0x00000000        0x0 c:/program files/atmel/atmel toolchain/avr8 gcc/native/3.4.2.1002/avr8-gnu-toolchain/bin/../lib/gcc/avr/4.7.2/avr5\libgcc.a(_prologue.o)
 .bss           0x00000000        0x0 c:/program files/atmel/atmel toolchain/avr8 gcc/native/3.4.2.1002/avr8-gnu-toolchain/bin/../lib/gcc/avr/4.7.2/avr5\libgcc.a(_prologue.o)
 .text.libgcc.mul
                0x00000000        0x0 c:/program files/atmel/atmel toolchain/avr8 gcc/native/3.4.2.1002/avr8-gnu-toolchain/bin/../lib/gcc/avr/4.7.2/avr5\libgcc.a(_prologue.o)
 .text.libgcc.div
                0x00000000        0x0 c:/program files/atmel/atmel toolchain/avr8 gcc/native/3.4.2.1002/avr8-gnu-toolchain/bin/../lib/gcc/avr/4.7.2/avr5\libgcc.a(_prologue.o)
 .text.libgcc   0x00000000        0x0 c:/program files/atmel/atmel toolchain/avr8 gcc/native/3.4.2.1002/avr8-gnu-toolchain/bin/../lib/gcc/avr/4.7.2/avr5\libgcc.a(_prologue.o)
 .text.libgcc.prologue
                0x00000000       0x38 c:/program files/atmel/atmel toolchain/avr8 gcc/native/3.4.2.1002/avr8-gnu-toolchain/bin/../lib/gcc/avr/4.7.2/avr5\libgcc.a(_prologue.o)
 .text.libgcc.builtins
                0x00000000        0x0 c:/program files/atmel/atmel toolchain/avr8 gcc/native/3.4.2.1002/avr8-gnu-toolchain/bin/../lib/gcc/avr/4.7.2/avr5\libgcc.a(_prologue.o)
 .text.libgcc.fmul
                0x00000000        0x0 c:/program files/atmel/atmel toolchain/avr8 gcc/native/3.4.2.1002/avr8-gnu-toolchain/bin/../lib/gcc/avr/4.7.2/avr5\libgcc.a(_prologue.o)
 .text          0x00000000        0x0 c:/program files/atmel/atmel toolchain/avr8 gcc/native/3.4.2.1002/avr8-gnu-toolchain/bin/../lib/gcc/avr/4.7.2/avr5\libgcc.a(_epilogue.o)
 .bss           0x00000000        0x0 c:/program files/atmel/atmel toolchain/avr8 gcc/native/3.4.2.1002/avr8-gnu-toolchain/bin/../lib/gcc/avr/4.7.2/avr5\libgcc.a(_epilogue.o)
 .text.libgcc.mul
                0x00000000        0x0 c:/program files/atmel/atmel toolchain/avr8 gcc/native/3.4.2.1002/avr8-gnu-toolchain/bin/../lib/gcc/avr/4.7.2/avr5\libgcc.a(_epilogue.o)
 .text.libgcc.div
                0x00000000        0x0 c:/program files/atmel/atmel toolchain/avr8 gcc/native/3.4.2.1002/avr8-gnu-toolchain/bin/../lib/gcc/avr/4.7.2/avr5\libgcc.a(_epilogue.o)
 .text.libgcc   0x00000000        0x0 c:/program files/atmel/atmel toolchain/avr8 gcc/native/3.4.2.1002/avr8-gnu-toolchain/bin/../lib/gcc/avr/4.7.2/avr5\libgcc.a(_epilogue.o)
 .text.libgcc.prologue
                0x00000000       0x36 c:/program files/atmel/atmel toolchain/avr8 gcc/native/3.4.2.1002/avr8-gnu-toolchain/bin/../lib/gcc/avr/4.7.2/avr5\libgcc.a(_epilogue.o)
 .text.libgcc.builtins
                0x00000000        0x0 c:/program files/atmel/atmel toolchain/avr8 gcc/native/3.4.2.1002/avr8-gnu-toolchain/bin/../lib/gcc/avr/4.7.2/avr5\libgcc.a(_epilogue.o)
 .text.libgcc.fmul
                0x00000000        0x0 c:/program files/atmel/atmel toolchain/avr8 gcc/native/3.4.2.1002/avr8-gnu-toolchain/bin/../lib/gcc/avr/4.7.2/avr5\libgcc.a(_epilogue.o)

Memory Configuration

Name             Origin             Length             Attributes
text             0x00000000         0x00020000         xr
data             0x00800060         0x0000ffa0         rw !x
eeprom           0x00810000         0x00010000         rw !x
fuse             0x00820000         0x00000400         rw !x
lock             0x00830000         0x00000400         rw !x
signature        0x00840000         0x00000400         rw !x
user_signatures  0x00850000         0x00000400         rw !x
*default*        0x00000000         0xffffffff

Linker script and memory map

LOAD c:/program files/atmel/atmel toolchain/avr8 gcc/native/3.4.2.1002/avr8-gnu-toolchain/bin/../lib/gcc/avr/4.7.2/../../../../avr/lib/avr5/crtm32.o
LOAD dhcp_client.o
LOAD dnslkup.o
LOAD enc28j60.o
LOAD FAT32.o
LOAD GccApplication1.o
LOAD i2c.o
LOAD ip_arp_udp_tcp.o
LOAD SD_routines.o
LOAD sensirion_protocol.o
LOAD SPI_routines.o
LOAD therm_ds18b20.o
LOAD UART_routines.o
LOAD websrv_help_functions.o
START GROUP
LOAD c:/program files/atmel/atmel toolchain/avr8 gcc/native/3.4.2.1002/avr8-gnu-toolchain/bin/../lib/gcc/avr/4.7.2/../../../../avr/lib/avr5\libm.a
END GROUP
LOAD c:/program files/atmel/atmel toolchain/avr8 gcc/native/3.4.2.1002/avr8-gnu-toolchain/bin/../lib/gcc/avr/4.7.2/avr5\libgcc.a
LOAD c:/program files/atmel/atmel toolchain/avr8 gcc/native/3.4.2.1002/avr8-gnu-toolchain/bin/../lib/gcc/avr/4.7.2/../../../../avr/lib/avr5\libc.a
LOAD c:/program files/atmel/atmel toolchain/avr8 gcc/native/3.4.2.1002/avr8-gnu-toolchain/bin/../lib/gcc/avr/4.7.2/avr5\libgcc.a

.hash
 *(.hash)

.dynsym
 *(.dynsym)

.dynstr
 *(.dynstr)

.gnu.version
 *(.gnu.version)

.gnu.version_d
 *(.gnu.version_d)

.gnu.version_r
 *(.gnu.version_r)

.rel.init
 *(.rel.init)

.rela.init
 *(.rela.init)

.rel.text
 *(.rel.text)
 *(.rel.text.*)
 *(.rel.gnu.linkonce.t*)

.rela.text
 *(.rela.text)
 *(.rela.text.*)
 *(.rela.gnu.linkonce.t*)

.rel.fini
 *(.rel.fini)

.rela.fini
 *(.rela.fini)

.rel.rodata
 *(.rel.rodata)
 *(.rel.rodata.*)
 *(.rel.gnu.linkonce.r*)

.rela.rodata
 *(.rela.rodata)
 *(.rela.rodata.*)
 *(.rela.gnu.linkonce.r*)

.rel.data
 *(.rel.data)
 *(.rel.data.*)
 *(.rel.gnu.linkonce.d*)

.rela.data
 *(.rela.data)
 *(.rela.data.*)
 *(.rela.gnu.linkonce.d*)

.rel.ctors
 *(.rel.ctors)

.rela.ctors
 *(.rela.ctors)

.rel.dtors
 *(.rel.dtors)

.rela.dtors
 *(.rela.dtors)

.rel.got
 *(.rel.got)

.rela.got
 *(.rela.got)

.rel.bss
 *(.rel.bss)

.rela.bss
 *(.rela.bss)

.rel.plt
 *(.rel.plt)

.rela.plt
 *(.rela.plt)

.text           0x00000000     0x30ee
 *(.vectors)
 .vectors       0x00000000       0x54 c:/program files/atmel/atmel toolchain/avr8 gcc/native/3.4.2.1002/avr8-gnu-toolchain/bin/../lib/gcc/avr/4.7.2/../../../../avr/lib/avr5/crtm32.o
                0x00000000                __vector_default
                0x00000000                __vectors
 *(.vectors)
 *(.progmem.gcc*)
 *(.progmem*)
 .progmem.data.__c.1976
                0x00000054       0x15 FAT32.o
 .progmem.data.__c.1981
                0x00000069        0xb FAT32.o
 .progmem.data.__c.1983
                0x00000074        0xe FAT32.o
 .progmem.data.__c.1989
                0x00000082        0x4 FAT32.o
 .progmem.data.__c.1991
                0x00000086        0x5 FAT32.o
 .progmem.data.__c.1993
                0x0000008b        0x4 FAT32.o
 .progmem.data.__c.1995
                0x0000008f        0x4 FAT32.o
 .progmem.data.__c.1997
                0x00000093        0x5 FAT32.o
 .progmem.data.__c.2005
                0x00000098       0x19 FAT32.o
 .progmem.data.__c.2026
                0x000000b1       0x19 FAT32.o
 .progmem.data.__c.2038
                0x000000ca       0x13 FAT32.o
 .progmem.data.__c.2081
                0x000000dd       0x12 FAT32.o
 .progmem.data.__c.2089
                0x000000ef       0x12 FAT32.o
 .progmem.data.__c.2101
                0x00000101       0x15 FAT32.o
 .progmem.data.__c.2103
                0x00000116       0x19 FAT32.o
 .progmem.data.__c.2356
                0x0000012f       0x3f GccApplication1.o
 .progmem.data.__c.2366
                0x0000016e        0x6 GccApplication1.o
 .progmem.data.__c.2368
                0x00000174       0x7b GccApplication1.o
 .progmem.data.__c.2370
                0x000001ef       0x4c GccApplication1.o
 .progmem.data.__c.2372
                0x0000023b       0x18 GccApplication1.o
 .progmem.data.__c.2374
                0x00000253       0x31 GccApplication1.o
 .progmem.data.__c.2379
                0x00000284       0x2f GccApplication1.o
 .progmem.data.__c.2381
                0x000002b3       0x27 GccApplication1.o
 .progmem.data.__c.2383
                0x000002da       0x37 GccApplication1.o
 .progmem.data.__c.2385
                0x00000311        0x5 GccApplication1.o
 .progmem.data.__c.2446
                0x00000316       0x39 GccApplication1.o
 .progmem.data.__c.2448
                0x0000034f       0x2b GccApplication1.o
 .progmem.data.__c.2450
                0x0000037a       0x39 GccApplication1.o
 .progmem.data.__c.2455
                0x000003b3       0x17 GccApplication1.o
 .progmem.data.__c.2457
                0x000003ca       0x1d GccApplication1.o
 .progmem.data.__c.2460
                0x000003e7       0x2b GccApplication1.o
 .progmem.data.__c.2464
                0x00000412       0x1d GccApplication1.o
 .progmem.data.__c.2467
                0x0000042f       0x2b GccApplication1.o
 .progmem.data.__c.2470
                0x0000045a       0x1a GccApplication1.o
 .progmem.data.__c.2472
                0x00000474       0x13 GccApplication1.o
 .progmem.data.__c.2496
                0x00000487       0x10 GccApplication1.o
 .progmem.data.__c.2499
                0x00000497       0x50 GccApplication1.o
 .progmem.data.arpreqhdr
                0x000004e7        0x8 ip_arp_udp_tcp.o
                0x000004e7                arpreqhdr
                0x000004f0                . = ALIGN (0x2)
 *fill*         0x000004ef        0x1 
                0x000004f0                __trampolines_start = .
 *(.trampolines)
 .trampolines   0x000004f0        0x0 linker stubs
 *(.trampolines*)
                0x000004f0                __trampolines_end = .
 *(.jumptables)
 *(.jumptables*)
 *(.lowtext)
 *(.lowtext*)
                0x000004f0                __ctors_start = .
 *(.ctors)
                0x000004f0                __ctors_end = .
                0x000004f0                __dtors_start = .
 *(.dtors)
                0x000004f0                __dtors_end = .
 SORT(*)(.ctors)
 SORT(*)(.dtors)
 *(.init0)
 .init0         0x000004f0        0x0 c:/program files/atmel/atmel toolchain/avr8 gcc/native/3.4.2.1002/avr8-gnu-toolchain/bin/../lib/gcc/avr/4.7.2/../../../../avr/lib/avr5/crtm32.o
                0x000004f0                __init
 *(.init0)
 *(.init1)
 *(.init1)
 *(.init2)
 .init2         0x000004f0        0xc c:/program files/atmel/atmel toolchain/avr8 gcc/native/3.4.2.1002/avr8-gnu-toolchain/bin/../lib/gcc/avr/4.7.2/../../../../avr/lib/avr5/crtm32.o
 *(.init2)
 *(.init3)
 *(.init3)
 *(.init4)
 .init4         0x000004fc       0x16 c:/program files/atmel/atmel toolchain/avr8 gcc/native/3.4.2.1002/avr8-gnu-toolchain/bin/../lib/gcc/avr/4.7.2/avr5\libgcc.a(_copy_data.o)
                0x000004fc                __do_copy_data
 .init4         0x00000512       0x10 c:/program files/atmel/atmel toolchain/avr8 gcc/native/3.4.2.1002/avr8-gnu-toolchain/bin/../lib/gcc/avr/4.7.2/avr5\libgcc.a(_clear_bss.o)
                0x00000512                __do_clear_bss
 *(.init4)
 *(.init5)
 *(.init5)
 *(.init6)
 *(.init6)
 *(.init7)
 *(.init7)
 *(.init8)
 *(.init8)
 *(.init9)
 .init9         0x00000522        0x8 c:/program files/atmel/atmel toolchain/avr8 gcc/native/3.4.2.1002/avr8-gnu-toolchain/bin/../lib/gcc/avr/4.7.2/../../../../avr/lib/avr5/crtm32.o
 *(.init9)
 *(.text)
 .text          0x0000052a        0x4 c:/program files/atmel/atmel toolchain/avr8 gcc/native/3.4.2.1002/avr8-gnu-toolchain/bin/../lib/gcc/avr/4.7.2/../../../../avr/lib/avr5/crtm32.o
                0x0000052a                __vector_1
                0x0000052a                __vector_12
                0x0000052a                __bad_interrupt
                0x0000052a                __vector_6
                0x0000052a                __vector_3
                0x0000052a                __vector_11
                0x0000052a                __vector_13
                0x0000052a                __vector_17
                0x0000052a                __vector_19
                0x0000052a                __vector_7
                0x0000052a                __vector_5
                0x0000052a                __vector_4
                0x0000052a                __vector_9
                0x0000052a                __vector_2
                0x0000052a                __vector_15
                0x0000052a                __vector_8
                0x0000052a                __vector_14
                0x0000052a                __vector_10
                0x0000052a                __vector_16
                0x0000052a                __vector_18
                0x0000052a                __vector_20
                0x0000052e                . = ALIGN (0x2)
 *(.text.*)
 .text.enc28j60ReadOp
                0x0000052e       0x24 enc28j60.o
                0x0000052e                enc28j60ReadOp
 .text.enc28j60WriteOp
                0x00000552       0x16 enc28j60.o
                0x00000552                enc28j60WriteOp
 .text.enc28j60ReadBuffer
                0x00000568       0x2a enc28j60.o
                0x00000568                enc28j60ReadBuffer
 .text.enc28j60WriteBuffer
                0x00000592       0x2c enc28j60.o
                0x00000592                enc28j60WriteBuffer
 .text.enc28j60SetBank
                0x000005be       0x4e enc28j60.o
                0x000005be                enc28j60SetBank
 .text.enc28j60Read
                0x0000060c       0x14 enc28j60.o
                0x0000060c                enc28j60Read
 .text.enc28j60Write
                0x00000620       0x1c enc28j60.o
                0x00000620                enc28j60Write
 .text.enc28j60PhyReadH
                0x0000063c       0x32 enc28j60.o
                0x0000063c                enc28j60PhyReadH
 .text.enc28j60PhyWrite
                0x0000066e       0x38 enc28j60.o
                0x0000066e                enc28j60PhyWrite
 .text.enc28j60clkout
                0x000006a6        0xc enc28j60.o
                0x000006a6                enc28j60clkout
 .text.enc28j60Init
                0x000006b2      0x148 enc28j60.o
                0x000006b2                enc28j60Init
 .text.enc28j60linkup
                0x000007fa       0x12 enc28j60.o
                0x000007fa                enc28j60linkup
 .text.enc28j60PacketSend
                0x0000080c       0x86 enc28j60.o
                0x0000080c                enc28j60PacketSend
 .text.enc28j60PacketReceive
                0x00000892      0x120 enc28j60.o
                0x00000892                enc28j60PacketReceive
 .text.getFirstSector
                0x000009b2       0x56 FAT32.o
                0x000009b2                getFirstSector
 .text.getSetNextCluster
                0x00000a08       0xf8 FAT32.o
                0x00000a08                getSetNextCluster
 .text.getSetFreeCluster
                0x00000b00      0x12c FAT32.o
                0x00000b00                getSetFreeCluster
 .text.getBootSectorData
                0x00000c2c      0x1b4 FAT32.o
                0x00000c2c                getBootSectorData
 .text.convertFileName
                0x00000de0      0x10e FAT32.o
                0x00000de0                convertFileName
 .text.searchNextFreeCluster
                0x00000eee      0x15a FAT32.o
                0x00000eee                searchNextFreeCluster
 .text.displayMemory
                0x00001048       0xd6 FAT32.o
                0x00001048                displayMemory
 .text.freeMemoryUpdate
                0x0000111e       0xf4 FAT32.o
                0x0000111e                freeMemoryUpdate
 .text.findFiles
                0x00001212      0x418 FAT32.o
                0x00001212                findFiles
 .text.readFile
                0x0000162a      0x1d4 FAT32.o
                0x0000162a                readFile
 .text.writeFile
                0x000017fe      0x63c FAT32.o
                0x000017fe                writeFile
 .text.http200ok
                0x00001e3a       0x12 GccApplication1.o
                0x00001e3a                http200ok
 .text.print_webpage
                0x00001e4c       0x88 GccApplication1.o
                0x00001e4c                print_webpage
 .text.port_init
                0x00001ed4       0x10 GccApplication1.o
                0x00001ed4                port_init
 .text.init_devices
                0x00001ee4       0x18 GccApplication1.o
                0x00001ee4                init_devices
 .text.blinkRedLED
                0x00001efc       0x2a GccApplication1.o
                0x00001efc                blinkRedLED
 .text.GetTime  0x00001f26       0x32 GccApplication1.o
                0x00001f26                GetTime
 .text.GetDate  0x00001f58       0x3c GccApplication1.o
                0x00001f58                GetDate
 .text.GetTemperature
                0x00001f94       0x2a GccApplication1.o
                0x00001f94                GetTemperature
 .text.Getvoltage2
                0x00001fbe       0x2a GccApplication1.o
                0x00001fbe                Getvoltage2
 .text.Getcurrent2
                0x00001fe8       0x2c GccApplication1.o
                0x00001fe8                Getcurrent2
 .text.main     0x00002014      0x384 GccApplication1.o
                0x00002014                main
 .text.checksum
                0x00002398       0xe0 ip_arp_udp_tcp.o
                0x00002398                checksum
 .text.init_mac
                0x00002478       0x16 ip_arp_udp_tcp.o
                0x00002478                init_mac
 .text.eth_type_is_arp_and_my_ip
                0x0000248e       0x5a ip_arp_udp_tcp.o
                0x0000248e                eth_type_is_arp_and_my_ip
 .text.eth_type_is_ip_and_my_ip
                0x000024e8       0x64 ip_arp_udp_tcp.o
                0x000024e8                eth_type_is_ip_and_my_ip
 .text.make_eth
                0x0000254c       0x26 ip_arp_udp_tcp.o
                0x0000254c                make_eth
 .text.fill_ip_hdr_checksum
                0x00002572       0x2a ip_arp_udp_tcp.o
                0x00002572                fill_ip_hdr_checksum
 .text.make_ip  0x0000259c       0x2c ip_arp_udp_tcp.o
                0x0000259c                make_ip
 .text.step_seq
                0x000025c8       0x2a ip_arp_udp_tcp.o
                0x000025c8                step_seq
 .text.make_tcphead
                0x000025f2       0x2a ip_arp_udp_tcp.o
                0x000025f2                make_tcphead
 .text.make_arp_answer_from_request
                0x0000261c       0x64 ip_arp_udp_tcp.o
                0x0000261c                make_arp_answer_from_request
 .text.make_echo_reply_from_request
                0x00002680       0x3a ip_arp_udp_tcp.o
                0x00002680                make_echo_reply_from_request
 .text.get_tcp_data_len
                0x000026ba       0x2c ip_arp_udp_tcp.o
                0x000026ba                get_tcp_data_len
 .text.fill_tcp_data_p
                0x000026e6       0x3e ip_arp_udp_tcp.o
                0x000026e6                fill_tcp_data_p
 .text.fill_tcp_data_len
                0x00002724       0x2a ip_arp_udp_tcp.o
                0x00002724                fill_tcp_data_len
 .text.fill_tcp_data
                0x0000274e       0x1a ip_arp_udp_tcp.o
                0x0000274e                fill_tcp_data
 .text.make_tcp_ack_from_any
                0x00002768       0x7a ip_arp_udp_tcp.o
                0x00002768                make_tcp_ack_from_any
 .text.make_tcp_ack_with_data_noflags
                0x000027e2       0x46 ip_arp_udp_tcp.o
                0x000027e2                make_tcp_ack_with_data_noflags
 .text.make_tcp_ack_with_data
                0x00002828       0x4a ip_arp_udp_tcp.o
                0x00002828                make_tcp_ack_with_data
 .text.init_udp_or_www_server
                0x00002872       0x24 ip_arp_udp_tcp.o
                0x00002872                init_udp_or_www_server
 .text.www_server_port
                0x00002896        0xa ip_arp_udp_tcp.o
                0x00002896                www_server_port
 .text.make_tcp_synack_from_syn
                0x000028a0       0x72 ip_arp_udp_tcp.o
                0x000028a0                make_tcp_synack_from_syn
 .text.www_server_reply
                0x00002912       0x30 ip_arp_udp_tcp.o
                0x00002912                www_server_reply
 .text.fill_buf_p
                0x00002942       0x1c ip_arp_udp_tcp.o
                0x00002942                fill_buf_p
 .text.client_arp_whohas
                0x0000295e       0xbc ip_arp_udp_tcp.o
                0x0000295e                client_arp_whohas
 .text.packetloop_arp_icmp_tcp
                0x00002a1a      0x1f6 ip_arp_udp_tcp.o
                0x00002a1a                packetloop_arp_icmp_tcp
 .text.SD_sendCommand
                0x00002c10       0xce SD_routines.o
                0x00002c10                SD_sendCommand
 .text.SD_init  0x00002cde      0x13c SD_routines.o
                0x00002cde                SD_init
 .text.SD_readSingleBlock
                0x00002e1a       0x62 SD_routines.o
                0x00002e1a                SD_readSingleBlock
 .text.SD_writeSingleBlock
                0x00002e7c       0xb4 SD_routines.o
                0x00002e7c                SD_writeSingleBlock
 .text.swspi_init
                0x00002f30        0xe SPI_routines.o
                0x00002f30                swspi_init
 .text.SPI_transmit
                0x00002f3e       0x1c SPI_routines.o
                0x00002f3e                SPI_transmit
 .text.SPI_receive
                0x00002f5a       0x16 SPI_routines.o
                0x00002f5a                SPI_receive
 .text.usart_init
                0x00002f70       0x3e UART_routines.o
                0x00002f70                usart_init
 .text.usart_write_char
                0x00002fae        0x8 UART_routines.o
                0x00002fae                usart_write_char
 .text.usart_write_str
                0x00002fb6       0x1e UART_routines.o
                0x00002fb6                usart_write_str
 .text.transmitByte
                0x00002fd4        0x8 UART_routines.o
                0x00002fd4                transmitByte
 .text.transmitString_F
                0x00002fdc       0x28 UART_routines.o
                0x00002fdc                transmitString_F
 .text.transmitString
                0x00003004       0x1e UART_routines.o
                0x00003004                transmitString
 .text.libgcc.mul
                0x00003022       0x20 c:/program files/atmel/atmel toolchain/avr8 gcc/native/3.4.2.1002/avr8-gnu-toolchain/bin/../lib/gcc/avr/4.7.2/avr5\libgcc.a(_mulsi3.o)
                0x00003022                __mulsi3
 .text.libgcc.div
                0x00003042       0x44 c:/program files/atmel/atmel toolchain/avr8 gcc/native/3.4.2.1002/avr8-gnu-toolchain/bin/../lib/gcc/avr/4.7.2/avr5\libgcc.a(_udivmodsi4.o)
                0x00003042                __udivmodsi4
 .text.libgcc.mul
                0x00003086       0x18 c:/program files/atmel/atmel toolchain/avr8 gcc/native/3.4.2.1002/avr8-gnu-toolchain/bin/../lib/gcc/avr/4.7.2/avr5\libgcc.a(_umulhisi3.o)
                0x00003086                __umulhisi3
 .text.libgcc.mul
                0x0000309e       0x16 c:/program files/atmel/atmel toolchain/avr8 gcc/native/3.4.2.1002/avr8-gnu-toolchain/bin/../lib/gcc/avr/4.7.2/avr5\libgcc.a(_muluhisi3.o)
                0x0000309e                __muluhisi3
 .text.avr-libc
                0x000030b4       0x1a c:/program files/atmel/atmel toolchain/avr8 gcc/native/3.4.2.1002/avr8-gnu-toolchain/bin/../lib/gcc/avr/4.7.2/../../../../avr/lib/avr5\libc.a(memcmp.o)
                0x000030b4                memcmp
 .text.avr-libc
                0x000030ce       0x1c c:/program files/atmel/atmel toolchain/avr8 gcc/native/3.4.2.1002/avr8-gnu-toolchain/bin/../lib/gcc/avr/4.7.2/../../../../avr/lib/avr5\libc.a(strncmp.o)
                0x000030ce                strncmp
                0x000030ea                . = ALIGN (0x2)
 *(.fini9)
 .fini9         0x000030ea        0x0 c:/program files/atmel/atmel toolchain/avr8 gcc/native/3.4.2.1002/avr8-gnu-toolchain/bin/../lib/gcc/avr/4.7.2/avr5\libgcc.a(_exit.o)
                0x000030ea                _exit
                0x000030ea                exit
 *(.fini9)
 *(.fini8)
 *(.fini8)
 *(.fini7)
 *(.fini7)
 *(.fini6)
 *(.fini6)
 *(.fini5)
 *(.fini5)
 *(.fini4)
 *(.fini4)
 *(.fini3)
 *(.fini3)
 *(.fini2)
 *(.fini2)
 *(.fini1)
 *(.fini1)
 *(.fini0)
 .fini0         0x000030ea        0x4 c:/program files/atmel/atmel toolchain/avr8 gcc/native/3.4.2.1002/avr8-gnu-toolchain/bin/../lib/gcc/avr/4.7.2/avr5\libgcc.a(_exit.o)
 *(.fini0)
                0x000030ee                _etext = .

.data           0x00800060       0x72 load address 0x000030ee
                0x00800060                PROVIDE (__data_start, .)
 *(.data)
 .data          0x00800060        0x0 c:/program files/atmel/atmel toolchain/avr8 gcc/native/3.4.2.1002/avr8-gnu-toolchain/bin/../lib/gcc/avr/4.7.2/../../../../avr/lib/avr5/crtm32.o
 .data          0x00800060        0x0 dhcp_client.o
 .data          0x00800060        0x0 dnslkup.o
 .data          0x00800060        0x0 enc28j60.o
 .data          0x00800060        0x0 FAT32.o
 .data          0x00800060        0x0 GccApplication1.o
 .data          0x00800060        0x0 i2c.o
 .data          0x00800060        0x0 ip_arp_udp_tcp.o
 .data          0x00800060        0x0 SD_routines.o
 .data          0x00800060        0x0 sensirion_protocol.o
 .data          0x00800060        0x0 SPI_routines.o
 .data          0x00800060        0x0 therm_ds18b20.o
 .data          0x00800060        0x0 UART_routines.o
 .data          0x00800060        0x0 websrv_help_functions.o
 .data          0x00800060        0x0 c:/program files/atmel/atmel toolchain/avr8 gcc/native/3.4.2.1002/avr8-gnu-toolchain/bin/../lib/gcc/avr/4.7.2/avr5\libgcc.a(_mulsi3.o)
 .data          0x00800060        0x0 c:/program files/atmel/atmel toolchain/avr8 gcc/native/3.4.2.1002/avr8-gnu-toolchain/bin/../lib/gcc/avr/4.7.2/avr5\libgcc.a(_divmodhi4.o)
 .data          0x00800060        0x0 c:/program files/atmel/atmel toolchain/avr8 gcc/native/3.4.2.1002/avr8-gnu-toolchain/bin/../lib/gcc/avr/4.7.2/avr5\libgcc.a(_udivmodsi4.o)
 .data          0x00800060        0x0 c:/program files/atmel/atmel toolchain/avr8 gcc/native/3.4.2.1002/avr8-gnu-toolchain/bin/../lib/gcc/avr/4.7.2/avr5\libgcc.a(_exit.o)
 .data          0x00800060        0x0 c:/program files/atmel/atmel toolchain/avr8 gcc/native/3.4.2.1002/avr8-gnu-toolchain/bin/../lib/gcc/avr/4.7.2/avr5\libgcc.a(_copy_data.o)
 .data          0x00800060        0x0 c:/program files/atmel/atmel toolchain/avr8 gcc/native/3.4.2.1002/avr8-gnu-toolchain/bin/../lib/gcc/avr/4.7.2/avr5\libgcc.a(_clear_bss.o)
 .data          0x00800060        0x0 c:/program files/atmel/atmel toolchain/avr8 gcc/native/3.4.2.1002/avr8-gnu-toolchain/bin/../lib/gcc/avr/4.7.2/avr5\libgcc.a(_umulhisi3.o)
 .data          0x00800060        0x0 c:/program files/atmel/atmel toolchain/avr8 gcc/native/3.4.2.1002/avr8-gnu-toolchain/bin/../lib/gcc/avr/4.7.2/avr5\libgcc.a(_muluhisi3.o)
 .data          0x00800060        0x0 c:/program files/atmel/atmel toolchain/avr8 gcc/native/3.4.2.1002/avr8-gnu-toolchain/bin/../lib/gcc/avr/4.7.2/avr5\libgcc.a(_udivmodhi4.o)
 .data          0x00800060        0x0 c:/program files/atmel/atmel toolchain/avr8 gcc/native/3.4.2.1002/avr8-gnu-toolchain/bin/../lib/gcc/avr/4.7.2/../../../../avr/lib/avr5\libc.a(atoi.o)
 .data          0x00800060        0x0 c:/program files/atmel/atmel toolchain/avr8 gcc/native/3.4.2.1002/avr8-gnu-toolchain/bin/../lib/gcc/avr/4.7.2/../../../../avr/lib/avr5\libc.a(memcmp.o)
 .data          0x00800060        0x0 c:/program files/atmel/atmel toolchain/avr8 gcc/native/3.4.2.1002/avr8-gnu-toolchain/bin/../lib/gcc/avr/4.7.2/../../../../avr/lib/avr5\libc.a(strcat.o)
 .data          0x00800060        0x0 c:/program files/atmel/atmel toolchain/avr8 gcc/native/3.4.2.1002/avr8-gnu-toolchain/bin/../lib/gcc/avr/4.7.2/../../../../avr/lib/avr5\libc.a(strcpy.o)
 .data          0x00800060        0x0 c:/program files/atmel/atmel toolchain/avr8 gcc/native/3.4.2.1002/avr8-gnu-toolchain/bin/../lib/gcc/avr/4.7.2/../../../../avr/lib/avr5\libc.a(strncmp.o)
 .data          0x00800060        0x0 c:/program files/atmel/atmel toolchain/avr8 gcc/native/3.4.2.1002/avr8-gnu-toolchain/bin/../lib/gcc/avr/4.7.2/../../../../avr/lib/avr5\libc.a(itoa.o)
 .data          0x00800060        0x0 c:/program files/atmel/atmel toolchain/avr8 gcc/native/3.4.2.1002/avr8-gnu-toolchain/bin/../lib/gcc/avr/4.7.2/../../../../avr/lib/avr5\libc.a(mul10.o)
 .data          0x00800060        0x0 c:/program files/atmel/atmel toolchain/avr8 gcc/native/3.4.2.1002/avr8-gnu-toolchain/bin/../lib/gcc/avr/4.7.2/../../../../avr/lib/avr5\libc.a(sprintf.o)
 .data          0x00800060        0x0 c:/program files/atmel/atmel toolchain/avr8 gcc/native/3.4.2.1002/avr8-gnu-toolchain/bin/../lib/gcc/avr/4.7.2/../../../../avr/lib/avr5\libc.a(vfprintf_std.o)
 .data          0x00800060        0x0 c:/program files/atmel/atmel toolchain/avr8 gcc/native/3.4.2.1002/avr8-gnu-toolchain/bin/../lib/gcc/avr/4.7.2/../../../../avr/lib/avr5\libc.a(strnlen_P.o)
 .data          0x00800060        0x0 c:/program files/atmel/atmel toolchain/avr8 gcc/native/3.4.2.1002/avr8-gnu-toolchain/bin/../lib/gcc/avr/4.7.2/../../../../avr/lib/avr5\libc.a(strnlen.o)
 .data          0x00800060        0x0 c:/program files/atmel/atmel toolchain/avr8 gcc/native/3.4.2.1002/avr8-gnu-toolchain/bin/../lib/gcc/avr/4.7.2/../../../../avr/lib/avr5\libc.a(strrev.o)
 .data          0x00800060        0x0 c:/program files/atmel/atmel toolchain/avr8 gcc/native/3.4.2.1002/avr8-gnu-toolchain/bin/../lib/gcc/avr/4.7.2/../../../../avr/lib/avr5\libc.a(fputc.o)
 .data          0x00800060        0x0 c:/program files/atmel/atmel toolchain/avr8 gcc/native/3.4.2.1002/avr8-gnu-toolchain/bin/../lib/gcc/avr/4.7.2/../../../../avr/lib/avr5\libc.a(ultoa_invert.o)
 .data          0x00800060        0x0 c:/program files/atmel/atmel toolchain/avr8 gcc/native/3.4.2.1002/avr8-gnu-toolchain/bin/../lib/gcc/avr/4.7.2/avr5\libgcc.a(_prologue.o)
 .data          0x00800060        0x0 c:/program files/atmel/atmel toolchain/avr8 gcc/native/3.4.2.1002/avr8-gnu-toolchain/bin/../lib/gcc/avr/4.7.2/avr5\libgcc.a(_epilogue.o)
 *(.data*)
 .data.baseurl  0x00800060       0x13 GccApplication1.o
 .data.mymac    0x00800073        0x6 GccApplication1.o
 .data.myip     0x00800079        0x4 GccApplication1.o
 .data.wwwport_l
                0x0080007d        0x1 ip_arp_udp_tcp.o
 .data.seqnum   0x0080007e        0x1 ip_arp_udp_tcp.o
 .data.arp_delaycnt
                0x0080007f        0x2 ip_arp_udp_tcp.o
 *(.rodata)
 *(.rodata*)
 .rodata.str1.1
                0x00800081       0x17 FAT32.o
 .rodata.str1.1
                0x00800098       0x39 GccApplication1.o
                                 0x3c (size before relaxing)
 .rodata.str1.1
                0x00000000        0x3 SD_routines.o
 *(.gnu.linkonce.d*)
                0x008000d2                . = ALIGN (0x2)
 *fill*         0x008000d1        0x1 
                0x008000d2                _edata = .
                0x008000d2                PROVIDE (__data_end, .)

.bss            0x008000d2      0x573
                0x008000d2                PROVIDE (__bss_start, .)
 *(.bss)
 *(.bss*)
 .bss.Enc28j60Bank
                0x008000d2        0x1 enc28j60.o
 .bss.gNextPacketPtr
                0x008000d3        0x2 enc28j60.o
 .bss.buf       0x008000d5      0x227 GccApplication1.o
 .bss.macaddr   0x008002fc        0x6 ip_arp_udp_tcp.o
 .bss.ipaddr    0x00800302        0x4 ip_arp_udp_tcp.o
 .bss.wwwport_h
                0x00800306        0x1 ip_arp_udp_tcp.o
 .bss.info_data_len
                0x00800307        0x2 ip_arp_udp_tcp.o
 .bss.arpip_state
                0x00800309        0x1 ip_arp_udp_tcp.o
 .bss.arp_reference_number
                0x0080030a        0x1 ip_arp_udp_tcp.o
 .bss.arpip     0x0080030b        0x4 ip_arp_udp_tcp.o
 .bss.icmp_callback
                0x0080030f        0x2 ip_arp_udp_tcp.o
 *(COMMON)
 COMMON         0x00800311      0x2a0 FAT32.o
                0x00800311                rtc_register
                0x00800318                appendFileLocation
                0x0080031c                dateFAT
                0x0080031e                firstDataSector
                0x00800322                fileSize
                0x00800326                bytesPerSector
                0x00800328                totalClusters
                0x0080032c                rootCluster
                0x00800330                timeFAT
                0x00800332                startBlock
                0x00800336                buffer
                0x00800536                sectorPerCluster
                0x00800538                unusedSectors
                0x0080053c                SDHC_flag
                0x0080053d                totalBlocks
                0x00800541                reservedSectorCount
                0x00800543                appendStartCluster
                0x00800547                dataString
                0x008005ab                cardType
                0x008005ac                freeClusterCountUpdated
                0x008005ad                appendFileSector
 COMMON         0x008005b1       0x92 GccApplication1.o
                0x008005b1                j
                0x008005b2                gTempval_raw
                0x008005b6                gSensorErrors
                0x008005b8                fileName
                0x008005c5                option
                0x008005c6                current2
                0x008005cd                k
                0x008005cf                gHumival_raw
                0x008005d3                temperature
                0x008005da                BUF123
                0x0080060c                voltage
                0x00800613                plen
                0x00800615                receiveData
                0x0080061f                i
                0x00800620                voltage2
                0x00800627                channel
                0x00800628                dat_p
                0x0080062a                time
                0x00800633                delay
                0x00800635                error
                0x00800636                day
                0x00800637                date
                0x00800642                receiveDataLength
 COMMON         0x00800643        0x2 ip_arp_udp_tcp.o
                0x00800643                client_arp_result_callback
                0x00800645                PROVIDE (__bss_end, .)
                0x000030ee                __data_load_start = LOADADDR (.data)
                0x00003160                __data_load_end = (__data_load_start + SIZEOF (.data))

.noinit         0x00800645        0x0
                0x00800645                PROVIDE (__noinit_start, .)
 *(.noinit*)
                0x00800645                PROVIDE (__noinit_end, .)
                0x00800645                _end = .
                0x00800645                PROVIDE (__heap_start, .)

.eeprom         0x00810000        0x0
 *(.eeprom*)
                0x00810000                __eeprom_end = .

.fuse
 *(.fuse)
 *(.lfuse)
 *(.hfuse)
 *(.efuse)

.lock
 *(.lock*)

.signature
 *(.signature*)

.user_signatures
 *(.user_signatures*)

.stab           0x00000000     0x11dc
 *(.stab)
 .stab          0x00000000      0x6cc c:/program files/atmel/atmel toolchain/avr8 gcc/native/3.4.2.1002/avr8-gnu-toolchain/bin/../lib/gcc/avr/4.7.2/../../../../avr/lib/avr5/crtm32.o
 .stab          0x000006cc      0x174 c:/program files/atmel/atmel toolchain/avr8 gcc/native/3.4.2.1002/avr8-gnu-toolchain/bin/../lib/gcc/avr/4.7.2/../../../../avr/lib/avr5\libc.a(atoi.o)
                                0x180 (size before relaxing)
 .stab          0x00000840       0xb4 c:/program files/atmel/atmel toolchain/avr8 gcc/native/3.4.2.1002/avr8-gnu-toolchain/bin/../lib/gcc/avr/4.7.2/../../../../avr/lib/avr5\libc.a(memcmp.o)
                                 0xc0 (size before relaxing)
 .stab          0x000008f4       0x9c c:/program files/atmel/atmel toolchain/avr8 gcc/native/3.4.2.1002/avr8-gnu-toolchain/bin/../lib/gcc/avr/4.7.2/../../../../avr/lib/avr5\libc.a(strcat.o)
                                 0xa8 (size before relaxing)
 .stab          0x00000990       0x6c c:/program files/atmel/atmel toolchain/avr8 gcc/native/3.4.2.1002/avr8-gnu-toolchain/bin/../lib/gcc/avr/4.7.2/../../../../avr/lib/avr5\libc.a(strcpy.o)
                                 0x78 (size before relaxing)
 .stab          0x000009fc       0xc0 c:/program files/atmel/atmel toolchain/avr8 gcc/native/3.4.2.1002/avr8-gnu-toolchain/bin/../lib/gcc/avr/4.7.2/../../../../avr/lib/avr5\libc.a(strncmp.o)
                                 0xcc (size before relaxing)
 .stab          0x00000abc       0x18 c:/program files/atmel/atmel toolchain/avr8 gcc/native/3.4.2.1002/avr8-gnu-toolchain/bin/../lib/gcc/avr/4.7.2/../../../../avr/lib/avr5\libc.a(itoa.o)
                                0x1bc (size before relaxing)
 .stab          0x00000ad4       0x78 c:/program files/atmel/atmel toolchain/avr8 gcc/native/3.4.2.1002/avr8-gnu-toolchain/bin/../lib/gcc/avr/4.7.2/../../../../avr/lib/avr5\libc.a(mul10.o)
                                 0x84 (size before relaxing)
 .stab          0x00000b4c       0x9c c:/program files/atmel/atmel toolchain/avr8 gcc/native/3.4.2.1002/avr8-gnu-toolchain/bin/../lib/gcc/avr/4.7.2/../../../../avr/lib/avr5\libc.a(strnlen_P.o)
                                 0xa8 (size before relaxing)
 .stab          0x00000be8       0x9c c:/program files/atmel/atmel toolchain/avr8 gcc/native/3.4.2.1002/avr8-gnu-toolchain/bin/../lib/gcc/avr/4.7.2/../../../../avr/lib/avr5\libc.a(strnlen.o)
                                 0xa8 (size before relaxing)
 .stab          0x00000c84       0xd8 c:/program files/atmel/atmel toolchain/avr8 gcc/native/3.4.2.1002/avr8-gnu-toolchain/bin/../lib/gcc/avr/4.7.2/../../../../avr/lib/avr5\libc.a(strrev.o)
                                 0xe4 (size before relaxing)
 .stab          0x00000d5c      0x480 c:/program files/atmel/atmel toolchain/avr8 gcc/native/3.4.2.1002/avr8-gnu-toolchain/bin/../lib/gcc/avr/4.7.2/../../../../avr/lib/avr5\libc.a(ultoa_invert.o)
                                0x48c (size before relaxing)

.stabstr        0x00000000      0x59e
 *(.stabstr)
 .stabstr       0x00000000      0x59e c:/program files/atmel/atmel toolchain/avr8 gcc/native/3.4.2.1002/avr8-gnu-toolchain/bin/../lib/gcc/avr/4.7.2/../../../../avr/lib/avr5/crtm32.o

.stab.excl
 *(.stab.excl)

.stab.exclstr
 *(.stab.exclstr)

.stab.index
 *(.stab.index)

.stab.indexstr
 *(.stab.indexstr)

.comment        0x00000000       0x2f
 *(.comment)
 .comment       0x00000000       0x2f dhcp_client.o
                                 0x30 (size before relaxing)
 .comment       0x00000000       0x30 dnslkup.o
 .comment       0x00000000       0x30 enc28j60.o
 .comment       0x00000000       0x30 FAT32.o
 .comment       0x00000000       0x30 GccApplication1.o
 .comment       0x00000000       0x30 i2c.o
 .comment       0x00000000       0x30 ip_arp_udp_tcp.o
 .comment       0x00000000       0x30 SD_routines.o
 .comment       0x00000000       0x30 sensirion_protocol.o
 .comment       0x00000000       0x30 SPI_routines.o
 .comment       0x00000000       0x30 therm_ds18b20.o
 .comment       0x00000000       0x30 UART_routines.o
 .comment       0x00000000       0x30 websrv_help_functions.o
 .comment       0x00000000       0x30 c:/program files/atmel/atmel toolchain/avr8 gcc/native/3.4.2.1002/avr8-gnu-toolchain/bin/../lib/gcc/avr/4.7.2/../../../../avr/lib/avr5\libc.a(sprintf.o)
 .comment       0x00000000       0x30 c:/program files/atmel/atmel toolchain/avr8 gcc/native/3.4.2.1002/avr8-gnu-toolchain/bin/../lib/gcc/avr/4.7.2/../../../../avr/lib/avr5\libc.a(vfprintf_std.o)
 .comment       0x00000000       0x30 c:/program files/atmel/atmel toolchain/avr8 gcc/native/3.4.2.1002/avr8-gnu-toolchain/bin/../lib/gcc/avr/4.7.2/../../../../avr/lib/avr5\libc.a(fputc.o)

.debug
 *(.debug)

.line
 *(.line)

.debug_srcinfo
 *(.debug_srcinfo)

.debug_sfnames
 *(.debug_sfnames)

.debug_aranges  0x00000000      0x658
 *(.debug_aranges)
 .debug_aranges
                0x00000000       0x80 dhcp_client.o
 .debug_aranges
                0x00000080       0x48 dnslkup.o
 .debug_aranges
                0x000000c8       0x98 enc28j60.o
 .debug_aranges
                0x00000160       0x78 FAT32.o
 .debug_aranges
                0x000001d8       0x98 GccApplication1.o
 .debug_aranges
                0x00000270       0x18 i2c.o
 .debug_aranges
                0x00000288      0x148 ip_arp_udp_tcp.o
 .debug_aranges
                0x000003d0       0x40 SD_routines.o
 .debug_aranges
                0x00000410       0x90 sensirion_protocol.o
 .debug_aranges
                0x000004a0       0x38 SPI_routines.o
 .debug_aranges
                0x000004d8       0x88 therm_ds18b20.o
 .debug_aranges
                0x00000560       0x70 UART_routines.o
 .debug_aranges
                0x000005d0       0x28 websrv_help_functions.o
 .debug_aranges
                0x000005f8       0x20 c:/program files/atmel/atmel toolchain/avr8 gcc/native/3.4.2.1002/avr8-gnu-toolchain/bin/../lib/gcc/avr/4.7.2/../../../../avr/lib/avr5\libc.a(sprintf.o)
 .debug_aranges
                0x00000618       0x20 c:/program files/atmel/atmel toolchain/avr8 gcc/native/3.4.2.1002/avr8-gnu-toolchain/bin/../lib/gcc/avr/4.7.2/../../../../avr/lib/avr5\libc.a(vfprintf_std.o)
 .debug_aranges
                0x00000638       0x20 c:/program files/atmel/atmel toolchain/avr8 gcc/native/3.4.2.1002/avr8-gnu-toolchain/bin/../lib/gcc/avr/4.7.2/../../../../avr/lib/avr5\libc.a(fputc.o)

.debug_pubnames
 *(.debug_pubnames)

.debug_info     0x00000000     0x82bc
 *(.debug_info)
 .debug_info    0x00000000      0x8e2 dhcp_client.o
 .debug_info    0x000008e2      0x332 dnslkup.o
 .debug_info    0x00000c14      0xc9e enc28j60.o
 .debug_info    0x000018b2     0x159f FAT32.o
 .debug_info    0x00002e51     0x1425 GccApplication1.o
 .debug_info    0x00004276       0x6b i2c.o
 .debug_info    0x000042e1     0x162e ip_arp_udp_tcp.o
 .debug_info    0x0000590f      0x70b SD_routines.o
 .debug_info    0x0000601a      0x833 sensirion_protocol.o
 .debug_info    0x0000684d      0x10b SPI_routines.o
 .debug_info    0x00006958      0x8d3 therm_ds18b20.o
 .debug_info    0x0000722b      0x5cc UART_routines.o
 .debug_info    0x000077f7      0x204 websrv_help_functions.o
 .debug_info    0x000079fb      0x204 c:/program files/atmel/atmel toolchain/avr8 gcc/native/3.4.2.1002/avr8-gnu-toolchain/bin/../lib/gcc/avr/4.7.2/../../../../avr/lib/avr5\libc.a(sprintf.o)
 .debug_info    0x00007bff      0x549 c:/program files/atmel/atmel toolchain/avr8 gcc/native/3.4.2.1002/avr8-gnu-toolchain/bin/../lib/gcc/avr/4.7.2/../../../../avr/lib/avr5\libc.a(vfprintf_std.o)
 .debug_info    0x00008148      0x174 c:/program files/atmel/atmel toolchain/avr8 gcc/native/3.4.2.1002/avr8-gnu-toolchain/bin/../lib/gcc/avr/4.7.2/../../../../avr/lib/avr5\libc.a(fputc.o)
 *(.gnu.linkonce.wi.*)

.debug_abbrev   0x00000000     0x1b8c
 *(.debug_abbrev)
 .debug_abbrev  0x00000000      0x233 dhcp_client.o
 .debug_abbrev  0x00000233      0x18c dnslkup.o
 .debug_abbrev  0x000003bf      0x22d enc28j60.o
 .debug_abbrev  0x000005ec      0x1f5 FAT32.o
 .debug_abbrev  0x000007e1      0x3e7 GccApplication1.o
 .debug_abbrev  0x00000bc8       0x26 i2c.o
 .debug_abbrev  0x00000bee      0x2c6 ip_arp_udp_tcp.o
 .debug_abbrev  0x00000eb4      0x135 SD_routines.o
 .debug_abbrev  0x00000fe9      0x202 sensirion_protocol.o
 .debug_abbrev  0x000011eb       0xa5 SPI_routines.o
 .debug_abbrev  0x00001290      0x217 therm_ds18b20.o
 .debug_abbrev  0x000014a7      0x1c5 UART_routines.o
 .debug_abbrev  0x0000166c      0x12f websrv_help_functions.o
 .debug_abbrev  0x0000179b      0x12a c:/program files/atmel/atmel toolchain/avr8 gcc/native/3.4.2.1002/avr8-gnu-toolchain/bin/../lib/gcc/avr/4.7.2/../../../../avr/lib/avr5\libc.a(sprintf.o)
 .debug_abbrev  0x000018c5      0x1d6 c:/program files/atmel/atmel toolchain/avr8 gcc/native/3.4.2.1002/avr8-gnu-toolchain/bin/../lib/gcc/avr/4.7.2/../../../../avr/lib/avr5\libc.a(vfprintf_std.o)
 .debug_abbrev  0x00001a9b       0xf1 c:/program files/atmel/atmel toolchain/avr8 gcc/native/3.4.2.1002/avr8-gnu-toolchain/bin/../lib/gcc/avr/4.7.2/../../../../avr/lib/avr5\libc.a(fputc.o)

.debug_line     0x00000000     0x2c17
 *(.debug_line)
 .debug_line    0x00000000      0x334 dhcp_client.o
 .debug_line    0x00000334      0x1f3 dnslkup.o
 .debug_line    0x00000527      0x36b enc28j60.o
 .debug_line    0x00000892      0x3d5 FAT32.o
 .debug_line    0x00000c67      0x51e GccApplication1.o
 .debug_line    0x00001185       0x1a i2c.o
 .debug_line    0x0000119f      0x613 ip_arp_udp_tcp.o
 .debug_line    0x000017b2      0x232 SD_routines.o
 .debug_line    0x000019e4      0x3e0 sensirion_protocol.o
 .debug_line    0x00001dc4      0x130 SPI_routines.o
 .debug_line    0x00001ef4      0x32b therm_ds18b20.o
 .debug_line    0x0000221f      0x2c5 UART_routines.o
 .debug_line    0x000024e4      0x142 websrv_help_functions.o
 .debug_line    0x00002626      0x194 c:/program files/atmel/atmel toolchain/avr8 gcc/native/3.4.2.1002/avr8-gnu-toolchain/bin/../lib/gcc/avr/4.7.2/../../../../avr/lib/avr5\libc.a(sprintf.o)
 .debug_line    0x000027ba      0x359 c:/program files/atmel/atmel toolchain/avr8 gcc/native/3.4.2.1002/avr8-gnu-toolchain/bin/../lib/gcc/avr/4.7.2/../../../../avr/lib/avr5\libc.a(vfprintf_std.o)
 .debug_line    0x00002b13      0x104 c:/program files/atmel/atmel toolchain/avr8 gcc/native/3.4.2.1002/avr8-gnu-toolchain/bin/../lib/gcc/avr/4.7.2/../../../../avr/lib/avr5\libc.a(fputc.o)

.debug_frame    0x00000000     0x1468
 *(.debug_frame)
 .debug_frame   0x00000000      0x1e4 dhcp_client.o
 .debug_frame   0x000001e4       0x94 dnslkup.o
 .debug_frame   0x00000278      0x198 enc28j60.o
 .debug_frame   0x00000410      0x374 FAT32.o
 .debug_frame   0x00000784      0x13c GccApplication1.o
 .debug_frame   0x000008c0      0x498 ip_arp_udp_tcp.o
 .debug_frame   0x00000d58       0xe4 SD_routines.o
 .debug_frame   0x00000e3c      0x16c sensirion_protocol.o
 .debug_frame   0x00000fa8       0x54 SPI_routines.o
 .debug_frame   0x00000ffc      0x1bc therm_ds18b20.o
 .debug_frame   0x000011b8      0x158 UART_routines.o
 .debug_frame   0x00001310       0xa4 websrv_help_functions.o
 .debug_frame   0x000013b4       0x30 c:/program files/atmel/atmel toolchain/avr8 gcc/native/3.4.2.1002/avr8-gnu-toolchain/bin/../lib/gcc/avr/4.7.2/../../../../avr/lib/avr5\libc.a(sprintf.o)
 .debug_frame   0x000013e4       0x4c c:/program files/atmel/atmel toolchain/avr8 gcc/native/3.4.2.1002/avr8-gnu-toolchain/bin/../lib/gcc/avr/4.7.2/../../../../avr/lib/avr5\libc.a(vfprintf_std.o)
 .debug_frame   0x00001430       0x38 c:/program files/atmel/atmel toolchain/avr8 gcc/native/3.4.2.1002/avr8-gnu-toolchain/bin/../lib/gcc/avr/4.7.2/../../../../avr/lib/avr5\libc.a(fputc.o)

.debug_str      0x00000000     0x190c
 *(.debug_str)
 .debug_str     0x00000000      0x342 dhcp_client.o
                                0x382 (size before relaxing)
 .debug_str     0x00000342      0x107 dnslkup.o
                                0x226 (size before relaxing)
 .debug_str     0x00000449      0x1a9 enc28j60.o
                                0x2a0 (size before relaxing)
 .debug_str     0x000005f2      0x651 FAT32.o
                                0x758 (size before relaxing)
 .debug_str     0x00000c43      0x35d GccApplication1.o
                                0x687 (size before relaxing)
 .debug_str     0x00000fa0        0xb i2c.o
                                 0xf6 (size before relaxing)
 .debug_str     0x00000fab      0x394 ip_arp_udp_tcp.o
                                0x5e4 (size before relaxing)
 .debug_str     0x0000133f       0x58 SD_routines.o
                                0x1b4 (size before relaxing)
 .debug_str     0x00001397      0x152 sensirion_protocol.o
                                0x26d (size before relaxing)
 .debug_str     0x000014e9       0x14 SPI_routines.o
                                0x117 (size before relaxing)
 .debug_str     0x000014fd      0x111 therm_ds18b20.o
                                0x27f (size before relaxing)
 .debug_str     0x0000160e       0xf0 UART_routines.o
                                0x271 (size before relaxing)
 .debug_str     0x000016fe       0x64 websrv_help_functions.o
                                0x14d (size before relaxing)
 .debug_str     0x00001762       0x80 c:/program files/atmel/atmel toolchain/avr8 gcc/native/3.4.2.1002/avr8-gnu-toolchain/bin/../lib/gcc/avr/4.7.2/../../../../avr/lib/avr5\libc.a(sprintf.o)
                                0x13c (size before relaxing)
 .debug_str     0x000017e2       0xc8 c:/program files/atmel/atmel toolchain/avr8 gcc/native/3.4.2.1002/avr8-gnu-toolchain/bin/../lib/gcc/avr/4.7.2/../../../../avr/lib/avr5\libc.a(vfprintf_std.o)
                                0x1ad (size before relaxing)
 .debug_str     0x000018aa       0x62 c:/program files/atmel/atmel toolchain/avr8 gcc/native/3.4.2.1002/avr8-gnu-toolchain/bin/../lib/gcc/avr/4.7.2/../../../../avr/lib/avr5\libc.a(fputc.o)
                                0x10d (size before relaxing)

.debug_loc      0x00000000     0x7d64
 *(.debug_loc)
 .debug_loc     0x00000000      0xc8c dhcp_client.o
 .debug_loc     0x00000c8c      0x5ac dnslkup.o
 .debug_loc     0x00001238      0x72b enc28j60.o
 .debug_loc     0x00001963     0x190d FAT32.o
 .debug_loc     0x00003270      0x581 GccApplication1.o
 .debug_loc     0x000037f1     0x1b19 ip_arp_udp_tcp.o
 .debug_loc     0x0000530a      0x60d SD_routines.o
 .debug_loc     0x00005917      0xa27 sensirion_protocol.o
 .debug_loc     0x0000633e       0x65 SPI_routines.o
 .debug_loc     0x000063a3      0x780 therm_ds18b20.o
 .debug_loc     0x00006b23      0x83a UART_routines.o
 .debug_loc     0x0000735d      0x3d6 websrv_help_functions.o
 .debug_loc     0x00007733       0x21 c:/program files/atmel/atmel toolchain/avr8 gcc/native/3.4.2.1002/avr8-gnu-toolchain/bin/../lib/gcc/avr/4.7.2/../../../../avr/lib/avr5\libc.a(sprintf.o)
 .debug_loc     0x00007754      0x51d c:/program files/atmel/atmel toolchain/avr8 gcc/native/3.4.2.1002/avr8-gnu-toolchain/bin/../lib/gcc/avr/4.7.2/../../../../avr/lib/avr5\libc.a(vfprintf_std.o)
 .debug_loc     0x00007c71       0xf3 c:/program files/atmel/atmel toolchain/avr8 gcc/native/3.4.2.1002/avr8-gnu-toolchain/bin/../lib/gcc/avr/4.7.2/../../../../avr/lib/avr5\libc.a(fputc.o)

.debug_macinfo
 *(.debug_macinfo)

.debug_pubtypes
 *(.debug_pubtypes)

.debug_ranges   0x00000000      0x608
 *(.debug_ranges)
 .debug_ranges  0x00000000       0x70 dhcp_client.o
 .debug_ranges  0x00000070       0x38 dnslkup.o
 .debug_ranges  0x000000a8       0x88 enc28j60.o
 .debug_ranges  0x00000130       0x68 FAT32.o
 .debug_ranges  0x00000198       0x88 GccApplication1.o
 .debug_ranges  0x00000220      0x150 ip_arp_udp_tcp.o
 .debug_ranges  0x00000370       0x30 SD_routines.o
 .debug_ranges  0x000003a0       0xe0 sensirion_protocol.o
 .debug_ranges  0x00000480       0x28 SPI_routines.o
 .debug_ranges  0x000004a8       0x78 therm_ds18b20.o
 .debug_ranges  0x00000520       0xa0 UART_routines.o
 .debug_ranges  0x000005c0       0x18 websrv_help_functions.o
 .debug_ranges  0x000005d8       0x10 c:/program files/atmel/atmel toolchain/avr8 gcc/native/3.4.2.1002/avr8-gnu-toolchain/bin/../lib/gcc/avr/4.7.2/../../../../avr/lib/avr5\libc.a(sprintf.o)
 .debug_ranges  0x000005e8       0x10 c:/program files/atmel/atmel toolchain/avr8 gcc/native/3.4.2.1002/avr8-gnu-toolchain/bin/../lib/gcc/avr/4.7.2/../../../../avr/lib/avr5\libc.a(vfprintf_std.o)
 .debug_ranges  0x000005f8       0x10 c:/program files/atmel/atmel toolchain/avr8 gcc/native/3.4.2.1002/avr8-gnu-toolchain/bin/../lib/gcc/avr/4.7.2/../../../../avr/lib/avr5\libc.a(fputc.o)

.debug_macro
 *(.debug_macro)
OUTPUT(GccApplication1.elf elf32-avr)
LOAD linker stubs
